com/huly/backend/exception/UnauthorizedExceptionTest.class
com/huly/backend/domain/service/payment/PlanServiceTest.class
com/huly/backend/domain/exception/InvalidCredentialsExceptionTest.class
com/huly/backend/domain/useCase/emotionalEvent/EmotionalEventUseCaseTest.class
com/huly/backend/domain/useCase/payment/HandleWebhookUseCaseTest.class
com/huly/backend/infrastructure/presentation/controller/ComebackRewardControllerTest.class
com/huly/backend/domain/useCase/admin/antiScrollConfig/GetAntiScrollGlobalConfigUseCaseTest.class
com/huly/backend/domain/useCase/chatConfig/GetBotConfigUseCaseTest.class
com/huly/backend/domain/useCase/pushNotification/SavePushSubscriptionUseCaseTest.class
com/huly/backend/domain/useCase/mandala/ListAvailableMandalasUseCaseTest.class
com/huly/backend/domain/useCase/badge/GetAllBadgesUseCaseTest.class
com/huly/backend/infrastructure/repository/jpaRepository/implementation/UserRepositoryImplTest.class
com/huly/backend/infrastructure/repository/mapper/ChatMessageMapperTest.class
com/huly/backend/infrastructure/presentation/controller/UserGoalControllerTest.class
com/huly/backend/domain/useCase/admin/GetUserFinancialsUseCaseTest.class
com/huly/backend/domain/useCase/userGoal/DeleteUserGoalUseCaseTest.class
com/huly/backend/infrastructure/repository/jpaRepository/specification/RiskWordFilterSpecTest.class
com/huly/backend/domain/useCase/chatConfig/UpdateBotConfigUseCaseTest.class
com/huly/backend/infrastructure/repository/jpaRepository/implementation/ActivitySessionRepositoryImplTest.class
com/huly/backend/domain/useCase/extension/GetUserAntiScrollSettingsUseCaseTest.class
com/huly/backend/domain/useCase/activities/RegisterActivitySessionUseCaseTest.class
com/huly/backend/infrastructure/repository/jpaRepository/implementation/PushSubscriptionRepositoryImplTest.class
com/huly/backend/BackendApplicationTests$EnvAcitveProfileResolver.class
com/huly/backend/domain/useCase/store/GetUserInventoryUseCaseTest.class
com/huly/backend/infrastructure/presentation/controller/NotificationControllerTest.class
com/huly/backend/exception/ForbiddenExceptionTest.class
com/huly/backend/infrastructure/repository/jpaRepository/implementation/UserDetailDomainRepositoryImplTest.class
com/huly/backend/domain/useCase/riskWord/CreateRiskWordUseCaseTest.class
com/huly/backend/infrastructure/security/JwtAuthFilterTest.class
com/huly/backend/infrastructure/repository/jpaRepository/implementation/UserAntiScrollSettingsRepositoryImplTest.class
com/huly/backend/infrastructure/repository/jpaRepository/implementation/StoreItemRepositoryImplTest.class
com/huly/backend/domain/useCase/admin/GetUserAntiScrollStatsUseCaseTest.class
com/huly/backend/infrastructure/presentation/controller/BadgeControllerTest.class
com/huly/backend/domain/useCase/userGoal/GetUserGoalsByUserUseCaseTest.class
com/huly/backend/domain/useCase/store/BuyStoreItemUseCaseTest.class
com/huly/backend/exception/customExceptions/UserNotFoundExceptionTest.class
com/huly/backend/domain/useCase/pushNotification/UnsubscribeFromEmailsUseCaseTest.class
com/huly/backend/infrastructure/presentation/controller/JournalControllerTest.class
com/huly/backend/domain/useCase/store/ListStoreItemsUseCaseTest.class
com/huly/backend/infrastructure/presentation/controller/BreathingControllerTest.class
com/huly/backend/domain/useCase/pushNotification/PlanExpiryReminderSchedulerTest.class
com/huly/backend/domain/exception/InfrastructureExceptionTest.class
com/huly/backend/domain/useCase/payment/ListPlansUseCaseTest.class
com/huly/backend/exception/InternalServerErrorExceptionTest.class
com/huly/backend/domain/useCase/onboarding/CompleteOnboardingUseCaseTest.class
com/huly/backend/infrastructure/repository/jpaRepository/implementation/ProductRepositoryImplTest.class
com/huly/backend/infrastructure/repository/jpaRepository/implementation/ChatMessageRepositoryImplTest.class
com/huly/backend/infrastructure/repository/jpaRepository/implementation/UserBadgeRepositoryImplTest.class
com/huly/backend/domain/useCase/admin/antiScrollConfig/UpdateAntiScrollGlobalConfigUseCaseTest.class
com/huly/backend/domain/useCase/auth/LoginUseCaseTest.class
com/huly/backend/infrastructure/adapter/ai/NoOpImageValidationAdapterTest.class
com/huly/backend/domain/useCase/chat/AudioChatUseCaseTest.class
com/huly/backend/infrastructure/repository/mapper/ChatConfigMapperTest.class
com/huly/backend/infrastructure/repository/jpaRepository/implementation/ExtensionMetricsRepositoryImplTest.class
com/huly/backend/domain/exception/DomainExceptionTest$ConcreteDomainException.class
com/huly/backend/infrastructure/security/UserDetailsServiceImplTest.class
com/huly/backend/domain/useCase/extension/SaveExtensionMetricsUseCaseTest.class
com/huly/backend/domain/useCase/chat/ChatUseCaseTest.class
com/huly/backend/domain/service/vector/UserVectorMemoryPortTest$RecordingVectorMemoryPort.class
com/huly/backend/domain/useCase/user/GetCurrentMembershipUseCaseTest.class
com/huly/backend/domain/useCase/comebackReward/GetComebackRewardStatusUseCaseTest.class
com/huly/backend/infrastructure/repository/jpaRepository/implementation/EmotionalEventRepositoryImplTest.class
com/huly/backend/infrastructure/repository/jpaRepository/implementation/UserGoalRepositoryImplTest.class
com/huly/backend/domain/useCase/riskWord/UpdateRiskWordUseCaseTest.class
com/huly/backend/infrastructure/repository/jpaRepository/implementation/ChatConversationPreferenceRepositoryImplTest.class
com/huly/backend/domain/useCase/auth/RegisterUseCaseTest.class
com/huly/backend/domain/useCase/userGoal/CompleteUserGoalUseCaseTest.class
com/huly/backend/infrastructure/presentation/controller/StoreControllerTest.class
com/huly/backend/infrastructure/repository/jpaRepository/implementation/BadgeRepositoryImplTest.class
com/huly/backend/infrastructure/repository/jpaRepository/implementation/BreathingTechniqueRepositoryImplTest.class
com/huly/backend/domain/useCase/riskWord/ListRiskWordsUseCaseTest.class
com/huly/backend/infrastructure/repository/jpaRepository/implementation/PaymentEventRepositoryImplTest.class
com/huly/backend/domain/useCase/payment/CreatePaymentPreferenceUseCaseTest.class
com/huly/backend/infrastructure/adapter/vector/SpringAiVectorMemoryPortTest.class
com/huly/backend/infrastructure/repository/jpaRepository/implementation/ChatSessionRepositoryImplTest.class
com/huly/backend/domain/useCase/auth/RefreshTokenUseCaseTest.class
com/huly/backend/domain/useCase/journal/CreateJournalEntryUseCaseTest.class
com/huly/backend/domain/service/vector/UserVectorMemoryPortTest.class
com/huly/backend/domain/service/chat/ChatEmotionalRecommendationPolicyTest.class
com/huly/backend/infrastructure/repository/mapper/UserStoreItemMapperTest.class
com/huly/backend/infrastructure/repository/jpaRepository/implementation/UserPersonalitySummaryRepositoryImplTest.class
com/huly/backend/infrastructure/presentation/controller/ChatbotDashboardControllerTest.class
com/huly/backend/domain/useCase/cloudsRecommendation/GetCloudRecommendationUseCaseTest$CapturingRecommendationService.class
com/huly/backend/domain/useCase/badge/GetUserBadgesUseCaseTest.class
com/huly/backend/domain/useCase/riskWord/DeleteRiskWordUseCaseTest.class
com/huly/backend/infrastructure/repository/jpaRepository/implementation/UserEmotionalStateRepositoryImplTest.class
com/huly/backend/domain/useCase/payment/ListProductsUseCaseTest.class
com/huly/backend/infrastructure/presentation/controller/MandalaControllerTest.class
com/huly/backend/infrastructure/presentation/controller/PushNotificationControllerTest.class
com/huly/backend/exception/ErrorResponseTest.class
com/huly/backend/domain/useCase/BreathingSession/GetBreathingTechniquesUseCaseTest.class
com/huly/backend/domain/service/vector/UserVectorMemoryPortTest$RecordingUserPersonalitySummaryRepository.class
com/huly/backend/domain/service/BotConfigServiceTest.class
com/huly/backend/infrastructure/adapter/vector/SpringAiVectorMemoryPortTest$RecordingJdbcTemplate.class
com/huly/backend/infrastructure/adapter/anthropic/AnthropicChatPreferenceExtractionAdapterTest.class
com/huly/backend/infrastructure/presentation/controller/EmotionalRecommendationControllerTest.class
com/huly/backend/infrastructure/repository/jpaRepository/implementation/RiskWordRepositoryImplTest.class
com/huly/backend/domain/exception/ResourceNotFoundExceptionTest.class
com/huly/backend/domain/useCase/badge/GrantBadgeUseCaseTest.class
com/huly/backend/infrastructure/adapter/mercadopago/MercadoPagoAdapterTest.class
com/huly/backend/domain/exception/InsufficientPermissionsExceptionTest.class
com/huly/backend/domain/useCase/emotionalRecommendation/GetEmotionalRecommendationsUseCaseTest.class
com/huly/backend/infrastructure/presentation/controller/BotConfigControllerTest.class
com/huly/backend/infrastructure/repository/jpaRepository/implementation/RefreshTokenRepositoryImplTest.class
com/huly/backend/infrastructure/email/EmailPortJavaMailImplTest.class
com/huly/backend/infrastructure/adapter/anthropic/AnthropicChatAdapterTest.class
com/huly/backend/infrastructure/presentation/controller/AdminUserControllerTest.class
com/huly/backend/infrastructure/repository/jpaRepository/implementation/AntiScrollGlobalConfigRepositoryImplTest.class
com/huly/backend/infrastructure/presentation/controller/PaymentControllerTest.class
com/huly/backend/domain/useCase/auth/AdminLoginUseCaseTest.class
com/huly/backend/domain/useCase/chat/GetChatEmotionalRecommendationUseCaseTest.class
com/huly/backend/exception/NotFoundExceptionTest.class
com/huly/backend/domain/useCase/onboarding/GenerateOnboardingOptionsUseCaseTest.class
com/huly/backend/domain/model/VadTest.class
com/huly/backend/infrastructure/presentation/controller/UserEmotionalStateControllerTest.class
com/huly/backend/infrastructure/repository/jpaRepository/implementation/UserPlanRepositoryImplTest.class
com/huly/backend/domain/useCase/cloudsRecommendation/GetCloudRecommendationUseCaseTest$StaticActivityRepository.class
com/huly/backend/domain/model/enums/TimeframeTest.class
com/huly/backend/domain/useCase/chat/HandleChatPreferencesUseCaseTest.class
com/huly/backend/domain/service/payment/CoinServiceTest.class
com/huly/backend/infrastructure/repository/jpaRepository/implementation/DailyRewardRepositoryImplTest.class
com/huly/backend/infrastructure/presentation/controller/ChatControllerTest.class
com/huly/backend/domain/useCase/auth/LogoutUseCaseTest.class
com/huly/backend/infrastructure/adapter/memory/JpaChatMemoryAdapterTest.class
com/huly/backend/infrastructure/adapter/vector/NoOpVectorMemoryPortTest.class
com/huly/backend/infrastructure/repository/jpaRepository/implementation/ChatConfigRepositoryImplTest.class
com/huly/backend/infrastructure/repository/mapper/UserBadgeMapperTest.class
com/huly/backend/infrastructure/presentation/controller/EmotionalEventControllerTest.class
com/huly/backend/domain/useCase/onboarding/CompleteTutorialUseCaseTest.class
com/huly/backend/domain/model/dailyReward/DailyRewardCycleTest.class
com/huly/backend/exception/ConflictExceptionTest.class
com/huly/backend/infrastructure/adapter/anthropic/AnthropicImageValidationAdapterTest.class
com/huly/backend/domain/useCase/chat/InitializeChatPreferencesUseCaseTest.class
com/huly/backend/infrastructure/presentation/controller/LeadControllerTest.class
com/huly/backend/domain/useCase/store/UnequipStoreItemUseCaseTest.class
com/huly/backend/infrastructure/repository/jpaRepository/implementation/JournalEntryRepositoryImplTest.class
com/huly/backend/exception/BadRequestExceptionTest.class
com/huly/backend/domain/service/EmotionalRecommendationServiceTest.class
com/huly/backend/infrastructure/repository/jpaRepository/implementation/ActivityRepositoryImplTest.class
com/huly/backend/domain/useCase/admin/GetAntiScrollDashboardUseCaseTest.class
com/huly/backend/domain/useCase/cloudsRecommendation/GetCloudRecommendationUseCaseTest$StaticEmotionalEventRepository.class
com/huly/backend/domain/service/userGoal/ImageStorageServiceTest.class
com/huly/backend/domain/service/chat/ChatQuotaServiceTest.class
com/huly/backend/domain/useCase/journal/ListJournalEntriesUseCaseTest.class
com/huly/backend/domain/useCase/dailyReward/GetDailyRewardStatusUseCaseTest.class
com/huly/backend/domain/useCase/extension/SaveUserAntiScrollSettingsUseCaseTest.class
com/huly/backend/infrastructure/presentation/controller/UserControllerTest.class
com/huly/backend/domain/useCase/pushNotification/DeletePushSubscriptionUseCaseTest.class
com/huly/backend/domain/useCase/emotionalEvent/SaveUserEmotionalStateUseCaseTest.class
com/huly/backend/exception/GlobalExceptionHandlerTest.class
com/huly/backend/domain/exception/DomainExceptionTest.class
com/huly/backend/infrastructure/presentation/controller/ExtensionControllerTest.class
com/huly/backend/domain/useCase/admin/ListBackofficeUsersUseCaseTest.class
com/huly/backend/infrastructure/repository/mapper/BadgeMapperTest.class
com/huly/backend/domain/useCase/pushNotification/GetPushSubscriptionStatusUseCaseTest.class
com/huly/backend/domain/service/vector/VectorMemoryPolicyTest.class
com/huly/backend/domain/useCase/activities/ListActivitiesUseCaseTest.class
com/huly/backend/domain/useCase/pushNotification/PushNotificationSchedulerTest.class
com/huly/backend/domain/useCase/payment/CreateStoreItemPreferenceUseCaseTest.class
com/huly/backend/domain/useCase/lead/RegisterLeadUseCaseTest.class
com/huly/backend/domain/useCase/userGoal/UpdateUserGoalUseCaseTest.class
com/huly/backend/domain/useCase/store/EquipStoreItemUseCaseTest.class
com/huly/backend/domain/exception/BusinessRuleExceptionTest.class
com/huly/backend/domain/useCase/cloudsRecommendation/GetCloudRecommendationUseCaseTest.class
com/huly/backend/infrastructure/adapter/mercadopago/MercadoPagoSignatureValidatorTest.class
com/huly/backend/infrastructure/repository/mapper/AntiScrollGlobalConfigMapperTest.class
com/huly/backend/infrastructure/security/PasswordHasherPortImplTest.class
com/huly/backend/infrastructure/config/ChatModelConfigTest.class
com/huly/backend/infrastructure/email/EmailPortStubImplTest.class
com/huly/backend/domain/exception/DuplicateResourceExceptionTest.class
com/huly/backend/domain/useCase/userPlant/GetOrCreateCurrentPlantUseCaseTest.class
com/huly/backend/domain/useCase/comebackReward/ClaimComebackRewardUseCaseTest.class
com/huly/backend/infrastructure/repository/entity/ExtensionMetricEntityTest.class
com/huly/backend/domain/useCase/auth/GetCurrentUserUseCaseTest.class
com/huly/backend/domain/useCase/pushNotification/ReEngagementEmailSchedulerTest.class
com/huly/backend/domain/useCase/admin/GetUserActivitiesUseCaseTest.class
com/huly/backend/domain/useCase/user/GetUserCoinsUseCaseTest.class
com/huly/backend/infrastructure/presentation/controller/MercadoPagoWebhookControllerTest.class
com/huly/backend/infrastructure/security/JwtServiceTest.class
com/huly/backend/infrastructure/presentation/controller/CloudControllerTest.class
com/huly/backend/domain/useCase/admin/GetUserAiDiagnosticsUseCaseTest.class
com/huly/backend/domain/useCase/userGoal/AddUserGoalUseCaseTest.class
com/huly/backend/infrastructure/presentation/controller/OnboardingControllerTest.class
com/huly/backend/infrastructure/presentation/dto/chat/ChatResponseTest.class
com/huly/backend/domain/service/chat/PromptBuilderServiceTest.class
com/huly/backend/infrastructure/presentation/controller/ActivityControllerTest.class
com/huly/backend/domain/service/RiskWordServiceTest.class
com/huly/backend/infrastructure/adapter/SenseVoiceAdapterTest.class
com/huly/backend/domain/useCase/cloudsRecommendation/GetCloudRecommendationUseCaseTest$CapturingEmotionalAnalysisPort.class
com/huly/backend/domain/useCase/chat/ListChatHistoryUseCaseTest.class
com/huly/backend/infrastructure/repository/jpaRepository/implementation/UserStoreItemRepositoryImplTest.class
com/huly/backend/infrastructure/adapter/vector/SpringAiVectorMemoryPortTest$FakeEmbeddingModel.class
com/huly/backend/infrastructure/presentation/controller/UserPlantControllerTest.class
com/huly/backend/domain/useCase/userGoal/GetGoalImageUseCaseTest.class
com/huly/backend/BackendApplicationTests.class
com/huly/backend/domain/useCase/dailyReward/ClaimDailyRewardUseCaseTest.class
com/huly/backend/infrastructure/config/CorsFilterTest.class
com/huly/backend/infrastructure/adapter/anthropic/AnthropicEmotionalAnalysisAdapterTest.class
com/huly/backend/infrastructure/presentation/controller/RiskWordControllerTest.class
com/huly/backend/infrastructure/presentation/controller/DailyRewardControllerTest.class
com/huly/backend/infrastructure/adapter/pushNotification/PushNotificationAdapterTest.class
com/huly/backend/infrastructure/presentation/controller/AuthControllerTest.class
com/huly/backend/domain/useCase/chat/SaveChallengeDecisionUseCaseTest.class
