/home/sergioramirez/Documents/huly/huly-tpi/backend/src/test/java/com/huly/backend/BackendApplicationTests.java
/home/sergioramirez/Documents/huly/huly-tpi/backend/src/test/java/com/huly/backend/domain/exception/BusinessRuleExceptionTest.java
/home/sergioramirez/Documents/huly/huly-tpi/backend/src/test/java/com/huly/backend/domain/exception/DomainExceptionTest.java
/home/sergioramirez/Documents/huly/huly-tpi/backend/src/test/java/com/huly/backend/domain/exception/DuplicateResourceExceptionTest.java
/home/sergioramirez/Documents/huly/huly-tpi/backend/src/test/java/com/huly/backend/domain/exception/InfrastructureExceptionTest.java
/home/sergioramirez/Documents/huly/huly-tpi/backend/src/test/java/com/huly/backend/domain/exception/InsufficientPermissionsExceptionTest.java
/home/sergioramirez/Documents/huly/huly-tpi/backend/src/test/java/com/huly/backend/domain/exception/InvalidCredentialsExceptionTest.java
/home/sergioramirez/Documents/huly/huly-tpi/backend/src/test/java/com/huly/backend/domain/exception/ResourceNotFoundExceptionTest.java
/home/sergioramirez/Documents/huly/huly-tpi/backend/src/test/java/com/huly/backend/domain/model/VadTest.java
/home/sergioramirez/Documents/huly/huly-tpi/backend/src/test/java/com/huly/backend/domain/model/dailyReward/DailyRewardCycleTest.java
/home/sergioramirez/Documents/huly/huly-tpi/backend/src/test/java/com/huly/backend/domain/model/enums/TimeframeTest.java
/home/sergioramirez/Documents/huly/huly-tpi/backend/src/test/java/com/huly/backend/domain/service/BotConfigServiceTest.java
/home/sergioramirez/Documents/huly/huly-tpi/backend/src/test/java/com/huly/backend/domain/service/EmotionalRecommendationServiceTest.java
/home/sergioramirez/Documents/huly/huly-tpi/backend/src/test/java/com/huly/backend/domain/service/RiskWordServiceTest.java
/home/sergioramirez/Documents/huly/huly-tpi/backend/src/test/java/com/huly/backend/domain/service/chat/ChatEmotionalRecommendationPolicyTest.java
/home/sergioramirez/Documents/huly/huly-tpi/backend/src/test/java/com/huly/backend/domain/service/chat/ChatQuotaServiceTest.java
/home/sergioramirez/Documents/huly/huly-tpi/backend/src/test/java/com/huly/backend/domain/service/chat/PromptBuilderServiceTest.java
/home/sergioramirez/Documents/huly/huly-tpi/backend/src/test/java/com/huly/backend/domain/service/payment/CoinServiceTest.java
/home/sergioramirez/Documents/huly/huly-tpi/backend/src/test/java/com/huly/backend/domain/service/payment/PlanServiceTest.java
/home/sergioramirez/Documents/huly/huly-tpi/backend/src/test/java/com/huly/backend/domain/service/userGoal/ImageStorageServiceTest.java
/home/sergioramirez/Documents/huly/huly-tpi/backend/src/test/java/com/huly/backend/domain/service/vector/UserVectorMemoryPortTest.java
/home/sergioramirez/Documents/huly/huly-tpi/backend/src/test/java/com/huly/backend/domain/service/vector/VectorMemoryPolicyTest.java
/home/sergioramirez/Documents/huly/huly-tpi/backend/src/test/java/com/huly/backend/domain/useCase/BreathingSession/GetBreathingTechniquesUseCaseTest.java
/home/sergioramirez/Documents/huly/huly-tpi/backend/src/test/java/com/huly/backend/domain/useCase/activities/ListActivitiesUseCaseTest.java
/home/sergioramirez/Documents/huly/huly-tpi/backend/src/test/java/com/huly/backend/domain/useCase/activities/RegisterActivitySessionUseCaseTest.java
/home/sergioramirez/Documents/huly/huly-tpi/backend/src/test/java/com/huly/backend/domain/useCase/admin/GetAntiScrollDashboardUseCaseTest.java
/home/sergioramirez/Documents/huly/huly-tpi/backend/src/test/java/com/huly/backend/domain/useCase/admin/GetUserActivitiesUseCaseTest.java
/home/sergioramirez/Documents/huly/huly-tpi/backend/src/test/java/com/huly/backend/domain/useCase/admin/GetUserAiDiagnosticsUseCaseTest.java
/home/sergioramirez/Documents/huly/huly-tpi/backend/src/test/java/com/huly/backend/domain/useCase/admin/GetUserAntiScrollStatsUseCaseTest.java
/home/sergioramirez/Documents/huly/huly-tpi/backend/src/test/java/com/huly/backend/domain/useCase/admin/GetUserFinancialsUseCaseTest.java
/home/sergioramirez/Documents/huly/huly-tpi/backend/src/test/java/com/huly/backend/domain/useCase/admin/ListBackofficeUsersUseCaseTest.java
/home/sergioramirez/Documents/huly/huly-tpi/backend/src/test/java/com/huly/backend/domain/useCase/admin/antiScrollConfig/GetAntiScrollGlobalConfigUseCaseTest.java
/home/sergioramirez/Documents/huly/huly-tpi/backend/src/test/java/com/huly/backend/domain/useCase/admin/antiScrollConfig/UpdateAntiScrollGlobalConfigUseCaseTest.java
/home/sergioramirez/Documents/huly/huly-tpi/backend/src/test/java/com/huly/backend/domain/useCase/auth/AdminLoginUseCaseTest.java
/home/sergioramirez/Documents/huly/huly-tpi/backend/src/test/java/com/huly/backend/domain/useCase/auth/GetCurrentUserUseCaseTest.java
/home/sergioramirez/Documents/huly/huly-tpi/backend/src/test/java/com/huly/backend/domain/useCase/auth/LoginUseCaseTest.java
/home/sergioramirez/Documents/huly/huly-tpi/backend/src/test/java/com/huly/backend/domain/useCase/auth/LogoutUseCaseTest.java
/home/sergioramirez/Documents/huly/huly-tpi/backend/src/test/java/com/huly/backend/domain/useCase/auth/RefreshTokenUseCaseTest.java
/home/sergioramirez/Documents/huly/huly-tpi/backend/src/test/java/com/huly/backend/domain/useCase/auth/RegisterUseCaseTest.java
/home/sergioramirez/Documents/huly/huly-tpi/backend/src/test/java/com/huly/backend/domain/useCase/badge/GetAllBadgesUseCaseTest.java
/home/sergioramirez/Documents/huly/huly-tpi/backend/src/test/java/com/huly/backend/domain/useCase/badge/GetUserBadgesUseCaseTest.java
/home/sergioramirez/Documents/huly/huly-tpi/backend/src/test/java/com/huly/backend/domain/useCase/badge/GrantBadgeUseCaseTest.java
/home/sergioramirez/Documents/huly/huly-tpi/backend/src/test/java/com/huly/backend/domain/useCase/chat/AudioChatUseCaseTest.java
/home/sergioramirez/Documents/huly/huly-tpi/backend/src/test/java/com/huly/backend/domain/useCase/chat/ChatUseCaseTest.java
/home/sergioramirez/Documents/huly/huly-tpi/backend/src/test/java/com/huly/backend/domain/useCase/chat/GetChatEmotionalRecommendationUseCaseTest.java
/home/sergioramirez/Documents/huly/huly-tpi/backend/src/test/java/com/huly/backend/domain/useCase/chat/HandleChatPreferencesUseCaseTest.java
/home/sergioramirez/Documents/huly/huly-tpi/backend/src/test/java/com/huly/backend/domain/useCase/chat/InitializeChatPreferencesUseCaseTest.java
/home/sergioramirez/Documents/huly/huly-tpi/backend/src/test/java/com/huly/backend/domain/useCase/chat/ListChatHistoryUseCaseTest.java
/home/sergioramirez/Documents/huly/huly-tpi/backend/src/test/java/com/huly/backend/domain/useCase/chat/SaveChallengeDecisionUseCaseTest.java
/home/sergioramirez/Documents/huly/huly-tpi/backend/src/test/java/com/huly/backend/domain/useCase/chatConfig/GetBotConfigUseCaseTest.java
/home/sergioramirez/Documents/huly/huly-tpi/backend/src/test/java/com/huly/backend/domain/useCase/chatConfig/UpdateBotConfigUseCaseTest.java
/home/sergioramirez/Documents/huly/huly-tpi/backend/src/test/java/com/huly/backend/domain/useCase/cloudsRecommendation/GetCloudRecommendationUseCaseTest.java
/home/sergioramirez/Documents/huly/huly-tpi/backend/src/test/java/com/huly/backend/domain/useCase/comebackReward/ClaimComebackRewardUseCaseTest.java
/home/sergioramirez/Documents/huly/huly-tpi/backend/src/test/java/com/huly/backend/domain/useCase/comebackReward/GetComebackRewardStatusUseCaseTest.java
/home/sergioramirez/Documents/huly/huly-tpi/backend/src/test/java/com/huly/backend/domain/useCase/dailyReward/ClaimDailyRewardUseCaseTest.java
/home/sergioramirez/Documents/huly/huly-tpi/backend/src/test/java/com/huly/backend/domain/useCase/dailyReward/GetDailyRewardStatusUseCaseTest.java
/home/sergioramirez/Documents/huly/huly-tpi/backend/src/test/java/com/huly/backend/domain/useCase/emotionalEvent/EmotionalEventUseCaseTest.java
/home/sergioramirez/Documents/huly/huly-tpi/backend/src/test/java/com/huly/backend/domain/useCase/emotionalEvent/SaveUserEmotionalStateUseCaseTest.java
/home/sergioramirez/Documents/huly/huly-tpi/backend/src/test/java/com/huly/backend/domain/useCase/emotionalRecommendation/GetEmotionalRecommendationsUseCaseTest.java
/home/sergioramirez/Documents/huly/huly-tpi/backend/src/test/java/com/huly/backend/domain/useCase/extension/GetUserAntiScrollSettingsUseCaseTest.java
/home/sergioramirez/Documents/huly/huly-tpi/backend/src/test/java/com/huly/backend/domain/useCase/extension/SaveExtensionMetricsUseCaseTest.java
/home/sergioramirez/Documents/huly/huly-tpi/backend/src/test/java/com/huly/backend/domain/useCase/extension/SaveUserAntiScrollSettingsUseCaseTest.java
/home/sergioramirez/Documents/huly/huly-tpi/backend/src/test/java/com/huly/backend/domain/useCase/journal/CreateJournalEntryUseCaseTest.java
/home/sergioramirez/Documents/huly/huly-tpi/backend/src/test/java/com/huly/backend/domain/useCase/journal/ListJournalEntriesUseCaseTest.java
/home/sergioramirez/Documents/huly/huly-tpi/backend/src/test/java/com/huly/backend/domain/useCase/lead/RegisterLeadUseCaseTest.java
/home/sergioramirez/Documents/huly/huly-tpi/backend/src/test/java/com/huly/backend/domain/useCase/mandala/ListAvailableMandalasUseCaseTest.java
/home/sergioramirez/Documents/huly/huly-tpi/backend/src/test/java/com/huly/backend/domain/useCase/onboarding/CompleteOnboardingUseCaseTest.java
/home/sergioramirez/Documents/huly/huly-tpi/backend/src/test/java/com/huly/backend/domain/useCase/onboarding/CompleteTutorialUseCaseTest.java
/home/sergioramirez/Documents/huly/huly-tpi/backend/src/test/java/com/huly/backend/domain/useCase/onboarding/GenerateOnboardingOptionsUseCaseTest.java
/home/sergioramirez/Documents/huly/huly-tpi/backend/src/test/java/com/huly/backend/domain/useCase/payment/CreatePaymentPreferenceUseCaseTest.java
/home/sergioramirez/Documents/huly/huly-tpi/backend/src/test/java/com/huly/backend/domain/useCase/payment/CreateStoreItemPreferenceUseCaseTest.java
/home/sergioramirez/Documents/huly/huly-tpi/backend/src/test/java/com/huly/backend/domain/useCase/payment/HandleWebhookUseCaseTest.java
/home/sergioramirez/Documents/huly/huly-tpi/backend/src/test/java/com/huly/backend/domain/useCase/payment/ListPlansUseCaseTest.java
/home/sergioramirez/Documents/huly/huly-tpi/backend/src/test/java/com/huly/backend/domain/useCase/payment/ListProductsUseCaseTest.java
/home/sergioramirez/Documents/huly/huly-tpi/backend/src/test/java/com/huly/backend/domain/useCase/pushNotification/DeletePushSubscriptionUseCaseTest.java
/home/sergioramirez/Documents/huly/huly-tpi/backend/src/test/java/com/huly/backend/domain/useCase/pushNotification/GetPushSubscriptionStatusUseCaseTest.java
/home/sergioramirez/Documents/huly/huly-tpi/backend/src/test/java/com/huly/backend/domain/useCase/pushNotification/PlanExpiryReminderSchedulerTest.java
/home/sergioramirez/Documents/huly/huly-tpi/backend/src/test/java/com/huly/backend/domain/useCase/pushNotification/PushNotificationSchedulerTest.java
/home/sergioramirez/Documents/huly/huly-tpi/backend/src/test/java/com/huly/backend/domain/useCase/pushNotification/ReEngagementEmailSchedulerTest.java
/home/sergioramirez/Documents/huly/huly-tpi/backend/src/test/java/com/huly/backend/domain/useCase/pushNotification/SavePushSubscriptionUseCaseTest.java
/home/sergioramirez/Documents/huly/huly-tpi/backend/src/test/java/com/huly/backend/domain/useCase/pushNotification/UnsubscribeFromEmailsUseCaseTest.java
/home/sergioramirez/Documents/huly/huly-tpi/backend/src/test/java/com/huly/backend/domain/useCase/riskWord/CreateRiskWordUseCaseTest.java
/home/sergioramirez/Documents/huly/huly-tpi/backend/src/test/java/com/huly/backend/domain/useCase/riskWord/DeleteRiskWordUseCaseTest.java
/home/sergioramirez/Documents/huly/huly-tpi/backend/src/test/java/com/huly/backend/domain/useCase/riskWord/ListRiskWordsUseCaseTest.java
/home/sergioramirez/Documents/huly/huly-tpi/backend/src/test/java/com/huly/backend/domain/useCase/riskWord/UpdateRiskWordUseCaseTest.java
/home/sergioramirez/Documents/huly/huly-tpi/backend/src/test/java/com/huly/backend/domain/useCase/store/BuyStoreItemUseCaseTest.java
/home/sergioramirez/Documents/huly/huly-tpi/backend/src/test/java/com/huly/backend/domain/useCase/store/EquipStoreItemUseCaseTest.java
/home/sergioramirez/Documents/huly/huly-tpi/backend/src/test/java/com/huly/backend/domain/useCase/store/GetUserInventoryUseCaseTest.java
/home/sergioramirez/Documents/huly/huly-tpi/backend/src/test/java/com/huly/backend/domain/useCase/store/ListStoreItemsUseCaseTest.java
/home/sergioramirez/Documents/huly/huly-tpi/backend/src/test/java/com/huly/backend/domain/useCase/store/UnequipStoreItemUseCaseTest.java
/home/sergioramirez/Documents/huly/huly-tpi/backend/src/test/java/com/huly/backend/domain/useCase/user/GetCurrentMembershipUseCaseTest.java
/home/sergioramirez/Documents/huly/huly-tpi/backend/src/test/java/com/huly/backend/domain/useCase/user/GetUserCoinsUseCaseTest.java
/home/sergioramirez/Documents/huly/huly-tpi/backend/src/test/java/com/huly/backend/domain/useCase/userGoal/AddUserGoalUseCaseTest.java
/home/sergioramirez/Documents/huly/huly-tpi/backend/src/test/java/com/huly/backend/domain/useCase/userGoal/CompleteUserGoalUseCaseTest.java
/home/sergioramirez/Documents/huly/huly-tpi/backend/src/test/java/com/huly/backend/domain/useCase/userGoal/DeleteUserGoalUseCaseTest.java
/home/sergioramirez/Documents/huly/huly-tpi/backend/src/test/java/com/huly/backend/domain/useCase/userGoal/GetGoalImageUseCaseTest.java
/home/sergioramirez/Documents/huly/huly-tpi/backend/src/test/java/com/huly/backend/domain/useCase/userGoal/GetUserGoalsByUserUseCaseTest.java
/home/sergioramirez/Documents/huly/huly-tpi/backend/src/test/java/com/huly/backend/domain/useCase/userGoal/UpdateUserGoalUseCaseTest.java
/home/sergioramirez/Documents/huly/huly-tpi/backend/src/test/java/com/huly/backend/domain/useCase/userPlant/GetOrCreateCurrentPlantUseCaseTest.java
/home/sergioramirez/Documents/huly/huly-tpi/backend/src/test/java/com/huly/backend/exception/BadRequestExceptionTest.java
/home/sergioramirez/Documents/huly/huly-tpi/backend/src/test/java/com/huly/backend/exception/ConflictExceptionTest.java
/home/sergioramirez/Documents/huly/huly-tpi/backend/src/test/java/com/huly/backend/exception/ErrorResponseTest.java
/home/sergioramirez/Documents/huly/huly-tpi/backend/src/test/java/com/huly/backend/exception/ForbiddenExceptionTest.java
/home/sergioramirez/Documents/huly/huly-tpi/backend/src/test/java/com/huly/backend/exception/GlobalExceptionHandlerTest.java
/home/sergioramirez/Documents/huly/huly-tpi/backend/src/test/java/com/huly/backend/exception/InternalServerErrorExceptionTest.java
/home/sergioramirez/Documents/huly/huly-tpi/backend/src/test/java/com/huly/backend/exception/NotFoundExceptionTest.java
/home/sergioramirez/Documents/huly/huly-tpi/backend/src/test/java/com/huly/backend/exception/UnauthorizedExceptionTest.java
/home/sergioramirez/Documents/huly/huly-tpi/backend/src/test/java/com/huly/backend/exception/customExceptions/UserNotFoundExceptionTest.java
/home/sergioramirez/Documents/huly/huly-tpi/backend/src/test/java/com/huly/backend/infrastructure/adapter/SenseVoiceAdapterTest.java
/home/sergioramirez/Documents/huly/huly-tpi/backend/src/test/java/com/huly/backend/infrastructure/adapter/ai/NoOpImageValidationAdapterTest.java
/home/sergioramirez/Documents/huly/huly-tpi/backend/src/test/java/com/huly/backend/infrastructure/adapter/anthropic/AnthropicChatAdapterTest.java
/home/sergioramirez/Documents/huly/huly-tpi/backend/src/test/java/com/huly/backend/infrastructure/adapter/anthropic/AnthropicChatPreferenceExtractionAdapterTest.java
/home/sergioramirez/Documents/huly/huly-tpi/backend/src/test/java/com/huly/backend/infrastructure/adapter/anthropic/AnthropicEmotionalAnalysisAdapterTest.java
/home/sergioramirez/Documents/huly/huly-tpi/backend/src/test/java/com/huly/backend/infrastructure/adapter/anthropic/AnthropicImageValidationAdapterTest.java
/home/sergioramirez/Documents/huly/huly-tpi/backend/src/test/java/com/huly/backend/infrastructure/adapter/memory/JpaChatMemoryAdapterTest.java
/home/sergioramirez/Documents/huly/huly-tpi/backend/src/test/java/com/huly/backend/infrastructure/adapter/mercadopago/MercadoPagoAdapterTest.java
/home/sergioramirez/Documents/huly/huly-tpi/backend/src/test/java/com/huly/backend/infrastructure/adapter/mercadopago/MercadoPagoSignatureValidatorTest.java
/home/sergioramirez/Documents/huly/huly-tpi/backend/src/test/java/com/huly/backend/infrastructure/adapter/pushNotification/PushNotificationAdapterTest.java
/home/sergioramirez/Documents/huly/huly-tpi/backend/src/test/java/com/huly/backend/infrastructure/adapter/vector/NoOpVectorMemoryPortTest.java
/home/sergioramirez/Documents/huly/huly-tpi/backend/src/test/java/com/huly/backend/infrastructure/adapter/vector/SpringAiVectorMemoryPortTest.java
/home/sergioramirez/Documents/huly/huly-tpi/backend/src/test/java/com/huly/backend/infrastructure/config/ChatModelConfigTest.java
/home/sergioramirez/Documents/huly/huly-tpi/backend/src/test/java/com/huly/backend/infrastructure/config/CorsFilterTest.java
/home/sergioramirez/Documents/huly/huly-tpi/backend/src/test/java/com/huly/backend/infrastructure/email/EmailPortJavaMailImplTest.java
/home/sergioramirez/Documents/huly/huly-tpi/backend/src/test/java/com/huly/backend/infrastructure/email/EmailPortStubImplTest.java
/home/sergioramirez/Documents/huly/huly-tpi/backend/src/test/java/com/huly/backend/infrastructure/presentation/controller/ActivityControllerTest.java
/home/sergioramirez/Documents/huly/huly-tpi/backend/src/test/java/com/huly/backend/infrastructure/presentation/controller/AdminUserControllerTest.java
/home/sergioramirez/Documents/huly/huly-tpi/backend/src/test/java/com/huly/backend/infrastructure/presentation/controller/AuthControllerTest.java
/home/sergioramirez/Documents/huly/huly-tpi/backend/src/test/java/com/huly/backend/infrastructure/presentation/controller/BadgeControllerTest.java
/home/sergioramirez/Documents/huly/huly-tpi/backend/src/test/java/com/huly/backend/infrastructure/presentation/controller/BotConfigControllerTest.java
/home/sergioramirez/Documents/huly/huly-tpi/backend/src/test/java/com/huly/backend/infrastructure/presentation/controller/BreathingControllerTest.java
/home/sergioramirez/Documents/huly/huly-tpi/backend/src/test/java/com/huly/backend/infrastructure/presentation/controller/ChatControllerTest.java
/home/sergioramirez/Documents/huly/huly-tpi/backend/src/test/java/com/huly/backend/infrastructure/presentation/controller/ChatbotDashboardControllerTest.java
/home/sergioramirez/Documents/huly/huly-tpi/backend/src/test/java/com/huly/backend/infrastructure/presentation/controller/CloudControllerTest.java
/home/sergioramirez/Documents/huly/huly-tpi/backend/src/test/java/com/huly/backend/infrastructure/presentation/controller/ComebackRewardControllerTest.java
/home/sergioramirez/Documents/huly/huly-tpi/backend/src/test/java/com/huly/backend/infrastructure/presentation/controller/DailyRewardControllerTest.java
/home/sergioramirez/Documents/huly/huly-tpi/backend/src/test/java/com/huly/backend/infrastructure/presentation/controller/EmotionalEventControllerTest.java
/home/sergioramirez/Documents/huly/huly-tpi/backend/src/test/java/com/huly/backend/infrastructure/presentation/controller/EmotionalRecommendationControllerTest.java
/home/sergioramirez/Documents/huly/huly-tpi/backend/src/test/java/com/huly/backend/infrastructure/presentation/controller/ExtensionControllerTest.java
/home/sergioramirez/Documents/huly/huly-tpi/backend/src/test/java/com/huly/backend/infrastructure/presentation/controller/JournalControllerTest.java
/home/sergioramirez/Documents/huly/huly-tpi/backend/src/test/java/com/huly/backend/infrastructure/presentation/controller/LeadControllerTest.java
/home/sergioramirez/Documents/huly/huly-tpi/backend/src/test/java/com/huly/backend/infrastructure/presentation/controller/MandalaControllerTest.java
/home/sergioramirez/Documents/huly/huly-tpi/backend/src/test/java/com/huly/backend/infrastructure/presentation/controller/MercadoPagoWebhookControllerTest.java
/home/sergioramirez/Documents/huly/huly-tpi/backend/src/test/java/com/huly/backend/infrastructure/presentation/controller/NotificationControllerTest.java
/home/sergioramirez/Documents/huly/huly-tpi/backend/src/test/java/com/huly/backend/infrastructure/presentation/controller/OnboardingControllerTest.java
/home/sergioramirez/Documents/huly/huly-tpi/backend/src/test/java/com/huly/backend/infrastructure/presentation/controller/PaymentControllerTest.java
/home/sergioramirez/Documents/huly/huly-tpi/backend/src/test/java/com/huly/backend/infrastructure/presentation/controller/PushNotificationControllerTest.java
/home/sergioramirez/Documents/huly/huly-tpi/backend/src/test/java/com/huly/backend/infrastructure/presentation/controller/RiskWordControllerTest.java
/home/sergioramirez/Documents/huly/huly-tpi/backend/src/test/java/com/huly/backend/infrastructure/presentation/controller/StoreControllerTest.java
/home/sergioramirez/Documents/huly/huly-tpi/backend/src/test/java/com/huly/backend/infrastructure/presentation/controller/UserControllerTest.java
/home/sergioramirez/Documents/huly/huly-tpi/backend/src/test/java/com/huly/backend/infrastructure/presentation/controller/UserEmotionalStateControllerTest.java
/home/sergioramirez/Documents/huly/huly-tpi/backend/src/test/java/com/huly/backend/infrastructure/presentation/controller/UserGoalControllerTest.java
/home/sergioramirez/Documents/huly/huly-tpi/backend/src/test/java/com/huly/backend/infrastructure/presentation/controller/UserPlantControllerTest.java
/home/sergioramirez/Documents/huly/huly-tpi/backend/src/test/java/com/huly/backend/infrastructure/presentation/dto/chat/ChatResponseTest.java
/home/sergioramirez/Documents/huly/huly-tpi/backend/src/test/java/com/huly/backend/infrastructure/repository/entity/ExtensionMetricEntityTest.java
/home/sergioramirez/Documents/huly/huly-tpi/backend/src/test/java/com/huly/backend/infrastructure/repository/jpaRepository/implementation/ActivityRepositoryImplTest.java
/home/sergioramirez/Documents/huly/huly-tpi/backend/src/test/java/com/huly/backend/infrastructure/repository/jpaRepository/implementation/ActivitySessionRepositoryImplTest.java
/home/sergioramirez/Documents/huly/huly-tpi/backend/src/test/java/com/huly/backend/infrastructure/repository/jpaRepository/implementation/AntiScrollGlobalConfigRepositoryImplTest.java
/home/sergioramirez/Documents/huly/huly-tpi/backend/src/test/java/com/huly/backend/infrastructure/repository/jpaRepository/implementation/BadgeRepositoryImplTest.java
/home/sergioramirez/Documents/huly/huly-tpi/backend/src/test/java/com/huly/backend/infrastructure/repository/jpaRepository/implementation/BreathingTechniqueRepositoryImplTest.java
/home/sergioramirez/Documents/huly/huly-tpi/backend/src/test/java/com/huly/backend/infrastructure/repository/jpaRepository/implementation/ChatConfigRepositoryImplTest.java
/home/sergioramirez/Documents/huly/huly-tpi/backend/src/test/java/com/huly/backend/infrastructure/repository/jpaRepository/implementation/ChatConversationPreferenceRepositoryImplTest.java
/home/sergioramirez/Documents/huly/huly-tpi/backend/src/test/java/com/huly/backend/infrastructure/repository/jpaRepository/implementation/ChatMessageRepositoryImplTest.java
/home/sergioramirez/Documents/huly/huly-tpi/backend/src/test/java/com/huly/backend/infrastructure/repository/jpaRepository/implementation/ChatSessionRepositoryImplTest.java
/home/sergioramirez/Documents/huly/huly-tpi/backend/src/test/java/com/huly/backend/infrastructure/repository/jpaRepository/implementation/DailyRewardRepositoryImplTest.java
/home/sergioramirez/Documents/huly/huly-tpi/backend/src/test/java/com/huly/backend/infrastructure/repository/jpaRepository/implementation/EmotionalEventRepositoryImplTest.java
/home/sergioramirez/Documents/huly/huly-tpi/backend/src/test/java/com/huly/backend/infrastructure/repository/jpaRepository/implementation/ExtensionMetricsRepositoryImplTest.java
/home/sergioramirez/Documents/huly/huly-tpi/backend/src/test/java/com/huly/backend/infrastructure/repository/jpaRepository/implementation/JournalEntryRepositoryImplTest.java
/home/sergioramirez/Documents/huly/huly-tpi/backend/src/test/java/com/huly/backend/infrastructure/repository/jpaRepository/implementation/PaymentEventRepositoryImplTest.java
/home/sergioramirez/Documents/huly/huly-tpi/backend/src/test/java/com/huly/backend/infrastructure/repository/jpaRepository/implementation/ProductRepositoryImplTest.java
/home/sergioramirez/Documents/huly/huly-tpi/backend/src/test/java/com/huly/backend/infrastructure/repository/jpaRepository/implementation/PushSubscriptionRepositoryImplTest.java
/home/sergioramirez/Documents/huly/huly-tpi/backend/src/test/java/com/huly/backend/infrastructure/repository/jpaRepository/implementation/RefreshTokenRepositoryImplTest.java
/home/sergioramirez/Documents/huly/huly-tpi/backend/src/test/java/com/huly/backend/infrastructure/repository/jpaRepository/implementation/RiskWordRepositoryImplTest.java
/home/sergioramirez/Documents/huly/huly-tpi/backend/src/test/java/com/huly/backend/infrastructure/repository/jpaRepository/implementation/StoreItemRepositoryImplTest.java
/home/sergioramirez/Documents/huly/huly-tpi/backend/src/test/java/com/huly/backend/infrastructure/repository/jpaRepository/implementation/UserAntiScrollSettingsRepositoryImplTest.java
/home/sergioramirez/Documents/huly/huly-tpi/backend/src/test/java/com/huly/backend/infrastructure/repository/jpaRepository/implementation/UserBadgeRepositoryImplTest.java
/home/sergioramirez/Documents/huly/huly-tpi/backend/src/test/java/com/huly/backend/infrastructure/repository/jpaRepository/implementation/UserDetailDomainRepositoryImplTest.java
/home/sergioramirez/Documents/huly/huly-tpi/backend/src/test/java/com/huly/backend/infrastructure/repository/jpaRepository/implementation/UserEmotionalStateRepositoryImplTest.java
/home/sergioramirez/Documents/huly/huly-tpi/backend/src/test/java/com/huly/backend/infrastructure/repository/jpaRepository/implementation/UserGoalRepositoryImplTest.java
/home/sergioramirez/Documents/huly/huly-tpi/backend/src/test/java/com/huly/backend/infrastructure/repository/jpaRepository/implementation/UserPersonalitySummaryRepositoryImplTest.java
/home/sergioramirez/Documents/huly/huly-tpi/backend/src/test/java/com/huly/backend/infrastructure/repository/jpaRepository/implementation/UserPlanRepositoryImplTest.java
/home/sergioramirez/Documents/huly/huly-tpi/backend/src/test/java/com/huly/backend/infrastructure/repository/jpaRepository/implementation/UserRepositoryImplTest.java
/home/sergioramirez/Documents/huly/huly-tpi/backend/src/test/java/com/huly/backend/infrastructure/repository/jpaRepository/implementation/UserStoreItemRepositoryImplTest.java
/home/sergioramirez/Documents/huly/huly-tpi/backend/src/test/java/com/huly/backend/infrastructure/repository/jpaRepository/specification/RiskWordFilterSpecTest.java
/home/sergioramirez/Documents/huly/huly-tpi/backend/src/test/java/com/huly/backend/infrastructure/repository/mapper/AntiScrollGlobalConfigMapperTest.java
/home/sergioramirez/Documents/huly/huly-tpi/backend/src/test/java/com/huly/backend/infrastructure/repository/mapper/BadgeMapperTest.java
/home/sergioramirez/Documents/huly/huly-tpi/backend/src/test/java/com/huly/backend/infrastructure/repository/mapper/ChatConfigMapperTest.java
/home/sergioramirez/Documents/huly/huly-tpi/backend/src/test/java/com/huly/backend/infrastructure/repository/mapper/ChatMessageMapperTest.java
/home/sergioramirez/Documents/huly/huly-tpi/backend/src/test/java/com/huly/backend/infrastructure/repository/mapper/UserBadgeMapperTest.java
/home/sergioramirez/Documents/huly/huly-tpi/backend/src/test/java/com/huly/backend/infrastructure/repository/mapper/UserStoreItemMapperTest.java
/home/sergioramirez/Documents/huly/huly-tpi/backend/src/test/java/com/huly/backend/infrastructure/security/JwtAuthFilterTest.java
/home/sergioramirez/Documents/huly/huly-tpi/backend/src/test/java/com/huly/backend/infrastructure/security/JwtServiceTest.java
/home/sergioramirez/Documents/huly/huly-tpi/backend/src/test/java/com/huly/backend/infrastructure/security/PasswordHasherPortImplTest.java
/home/sergioramirez/Documents/huly/huly-tpi/backend/src/test/java/com/huly/backend/infrastructure/security/UserDetailsServiceImplTest.java
