com/huly/backend/domain/useCase/payment/ListProductsUseCase.class
com/huly/backend/domain/useCase/admin/antiScrollConfig/UpdateAntiScrollGlobalConfigRequest.class
com/huly/backend/domain/useCase/userPlant/GetUserPlantsUseCase.class
com/huly/backend/domain/model/user/UserPersonalitySummary.class
com/huly/backend/infrastructure/repository/jpaRepository/implementation/UserPlantRepositoryImpl.class
com/huly/backend/infrastructure/repository/entity/ChatConfigEntity.class
com/huly/backend/domain/model/vector/VectorMemorySource.class
com/huly/backend/infrastructure/presentation/controller/RiskWordController.class
com/huly/backend/domain/useCase/chatBotConfig/GetBotConfigUseCase.class
com/huly/backend/domain/model/chat/ChatPreferenceHandlingResult.class
com/huly/backend/infrastructure/security/PasswordHasherPortImpl.class
com/huly/backend/infrastructure/repository/jpaRepository/implementation/UserBadgeRepositoryImpl.class
com/huly/backend/domain/useCase/pushNotification/UnsubscribeFromEmailsUseCase.class
com/huly/backend/infrastructure/repository/jpaRepository/interfaces/IStoreItemJpaRepository.class
com/huly/backend/domain/exception/InvalidGoalImageException.class
com/huly/backend/infrastructure/presentation/controller/MandalaController.class
com/huly/backend/infrastructure/repository/entity/JournalEntriesEntity.class
com/huly/backend/infrastructure/repository/entity/ChatSessionEntity.class
com/huly/backend/domain/useCase/chat/ListChatHistoryUseCase.class
com/huly/backend/domain/useCase/auth/GetCurrentUserUseCase.class
com/huly/backend/infrastructure/repository/jpaRepository/implementation/UserPlanRepositoryImpl.class
com/huly/backend/domain/model/enums/MandalaAccessType.class
com/huly/backend/domain/model/payment/Product$ProductBuilder.class
com/huly/backend/infrastructure/repository/jpaRepository/implementation/ActivitySessionRepositoryImpl.class
com/huly/backend/infrastructure/presentation/dto/admin/UserFinancialsResponse.class
com/huly/backend/domain/model/vector/VectorMemory.class
com/huly/backend/infrastructure/repository/entity/UserBadgeEntity.class
com/huly/backend/domain/repository/UserPersonalitySummaryRepository.class
com/huly/backend/domain/model/dailyReward/DailyReward$DailyRewardBuilder.class
com/huly/backend/infrastructure/repository/jpaRepository/interfaces/IActivitySessionJpaRepository.class
com/huly/backend/infrastructure/presentation/dto/riskWord/RiskWordRequest.class
com/huly/backend/infrastructure/presentation/controller/NotificationController.class
com/huly/backend/domain/dto/comebackReward/ClaimComebackRewardRequest.class
com/huly/backend/domain/model/payment/Product.class
com/huly/backend/domain/model/emotionalRecommendation/EmotionalRecommendationItem.class
com/huly/backend/infrastructure/presentation/exception/ErrorResponse.class
com/huly/backend/domain/model/mandala/AvailableMandala$AvailableMandalaBuilder.class
com/huly/backend/infrastructure/presentation/controller/BadgeController.class
com/huly/backend/domain/model/user/UserPersonalitySummary$UserPersonalitySummaryBuilder.class
com/huly/backend/infrastructure/adapter/SenseVoiceAdapter$EmotionResult.class
com/huly/backend/infrastructure/repository/entity/UserPersonalitySummaryEntity.class
com/huly/backend/infrastructure/config/AdminUserSeederConfig.class
com/huly/backend/infrastructure/adapter/vector/SpringAiVectorMemoryPort.class
com/huly/backend/infrastructure/repository/jpaRepository/implementation/UserStoreItemRepositoryImpl.class
com/huly/backend/infrastructure/repository/jpaRepository/implementation/ChatSessionRepositoryImpl.class
com/huly/backend/domain/model/mandala/Mandala.class
com/huly/backend/domain/dto/dailyReward/GetDailyRewardStatusResponse.class
com/huly/backend/infrastructure/repository/entity/UserStoreItemEntity$UserStoreItemEntityBuilder.class
com/huly/backend/infrastructure/repository/jpaRepository/interfaces/IRiskWordJpaRepository.class
com/huly/backend/domain/model/admin/BackofficeUserSummary.class
com/huly/backend/infrastructure/repository/entity/BadgeEntity$BadgeEntityBuilder.class
com/huly/backend/infrastructure/repository/jpaRepository/implementation/UserRepositoryImpl.class
com/huly/backend/domain/useCase/admin/userAiDiagnostics/GetUserAiDiagnosticsRequest.class
com/huly/backend/domain/repository/journal/JournalEntryRepository.class
com/huly/backend/infrastructure/repository/entity/StoreItemEntity.class
com/huly/backend/infrastructure/validation/MinimumAgeValidator.class
com/huly/backend/infrastructure/presentation/controller/ChatbotDashboardController.class
com/huly/backend/domain/repository/user/UserDetailDomainRepository.class
com/huly/backend/infrastructure/presentation/dto/store/InventoryItemResponse.class
com/huly/backend/domain/model/enums/SourceAction.class
com/huly/backend/infrastructure/presentation/exception/ConflictException.class
com/huly/backend/infrastructure/repository/jpaRepository/interfaces/IUserBadgeJpaRepository.class
com/huly/backend/infrastructure/presentation/dto/userGoal/UserGoalListResponse.class
com/huly/backend/domain/model/enums/ItemCategory.class
com/huly/backend/infrastructure/presentation/dto/breathingTechniques/BreathingTechniqueResponse.class
com/huly/backend/domain/useCase/store/EquipStoreItemUseCase.class
com/huly/backend/domain/useCase/admin/userActivities/GetUserActivitiesRequest.class
com/huly/backend/infrastructure/repository/entity/ChatConversationPreferenceEntity.class
com/huly/backend/domain/useCase/admin/antiScrollConfig/GetAntiScrollGlobalConfigUseCase.class
com/huly/backend/domain/model/activity/Activity$ActivityBuilder.class
com/huly/backend/infrastructure/repository/jpaRepository/interfaces/IMandalaPlanEntitlementJpaRepository.class
com/huly/backend/domain/useCase/admin/userAntiScroll/GetUserAntiScrollStatsResponse.class
com/huly/backend/infrastructure/presentation/dto/chat/ChatRequest.class
com/huly/backend/domain/model/enums/Mood.class
com/huly/backend/infrastructure/adapter/pushNotification/PushNotificationAdapter.class
com/huly/backend/infrastructure/presentation/controller/ComebackRewardController.class
com/huly/backend/infrastructure/repository/entity/UserGoalsEntity.class
com/huly/backend/infrastructure/presentation/dto/auth/RegisterRequest.class
com/huly/backend/domain/model/riskWord/RiskWord$RiskWordBuilder.class
com/huly/backend/infrastructure/config/SwaggerConfig.class
com/huly/backend/infrastructure/config/useCase/ExtensionUseCaseConfig.class
com/huly/backend/infrastructure/adapter/ai/NoOpEmotionalAnalysisAdapter.class
com/huly/backend/infrastructure/repository/jpaRepository/interfaces/IUserSettingJpaRepository.class
com/huly/backend/infrastructure/config/useCase/StoreUseCaseConfig.class
com/huly/backend/domain/model/user/UserPlant$UserPlantBuilder.class
com/huly/backend/infrastructure/repository/entity/UserGoalsEntity$UserGoalsEntityBuilder.class
com/huly/backend/domain/useCase/chat/InitializeChatPreferencesUseCase.class
com/huly/backend/infrastructure/config/VapidConfig.class
com/huly/backend/domain/exception/DomainException.class
com/huly/backend/domain/useCase/store/BuyStoreItemUseCase.class
com/huly/backend/domain/useCase/admin/userAiDiagnostics/VectorMemoryResponse.class
com/huly/backend/domain/model/admin/BackofficeUserSummary$BackofficeUserSummaryBuilder.class
com/huly/backend/domain/useCase/payment/CreateStoreItemPreferenceUseCase.class
com/huly/backend/domain/service/userGoal/ImageStorageService.class
com/huly/backend/domain/useCase/admin/userFinancials/GetUserFinancialsResponse.class
com/huly/backend/domain/model/enums/RiskSeverity.class
com/huly/backend/infrastructure/repository/entity/MandalaProgressEntity$MandalaProgressId.class
com/huly/backend/domain/useCase/admin/userFinancials/GetUserFinancialsRequest.class
com/huly/backend/domain/model/journal/JournalEntry$JournalEntryBuilder.class
com/huly/backend/infrastructure/config/useCase/JournalUseCaseConfig.class
com/huly/backend/infrastructure/presentation/dto/dailyReward/ClaimDailyRewardResponse.class
com/huly/backend/infrastructure/presentation/dto/user/UserProfileResponse.class
com/huly/backend/infrastructure/adapter/mercadopago/MercadoPagoSignatureValidator.class
com/huly/backend/infrastructure/adapter/SenseVoiceAdapter$ThrowingSupplier.class
com/huly/backend/infrastructure/config/useCase/MandalaUseCaseConfig.class
com/huly/backend/infrastructure/presentation/controller/MercadoPagoWebhookController.class
com/huly/backend/domain/useCase/userGoal/CompleteUserGoalUseCase$Result.class
com/huly/backend/infrastructure/repository/jpaRepository/implementation/ProductRepositoryImpl.class
com/huly/backend/infrastructure/presentation/dto/user/UpdateThemePreferenceRequest.class
com/huly/backend/infrastructure/repository/entity/BreathingSessionsEntity.class
com/huly/backend/infrastructure/presentation/dto/user/UserProfileResponse$UserProfileResponseBuilder.class
com/huly/backend/domain/model/enums/EmotionType.class
com/huly/backend/domain/model/shop/StoreItem.class
com/huly/backend/infrastructure/repository/entity/GeneratedChallengeEmbeddable$GeneratedChallengeEmbeddableBuilder.class
com/huly/backend/infrastructure/presentation/dto/chat/ChatHistoryPageResponse.class
com/huly/backend/domain/dto/dailyReward/ClaimDailyRewardRequest.class
com/huly/backend/infrastructure/config/useCase/ActivitiesUseCaseConfig.class
com/huly/backend/domain/exception/InfrastructureException.class
com/huly/backend/domain/model/user/UserEmotionalState$UserEmotionalStateBuilder.class
com/huly/backend/domain/model/emotionalRecommendation/UpdateEmotionalEventFeedbackCommand.class
com/huly/backend/infrastructure/repository/entity/MandalaEntity$MandalaEntityBuilder.class
com/huly/backend/infrastructure/presentation/dto/userPlant/UserPlantSummaryResponse.class
com/huly/backend/infrastructure/presentation/dto/dashboard/TrainingLogResponse.class
com/huly/backend/infrastructure/repository/entity/UserBadgeEntity$UserBadgeEntityBuilder.class
com/huly/backend/infrastructure/presentation/dto/admin/TopAppResponse$TopAppResponseBuilder.class
com/huly/backend/domain/port/EmotionalAnalysisPort.class
com/huly/backend/domain/repository/chat/ChatMessageRepository.class
com/huly/backend/domain/useCase/chat/ChatUseCase.class
com/huly/backend/infrastructure/adapter/anthropic/AnthropicEmotionalAnalysisAdapter.class
com/huly/backend/infrastructure/repository/jpaRepository/interfaces/IPushSubscriptionJpaRepository.class
com/huly/backend/domain/model/emotionalRecommendation/EmotionalRecommendationResult.class
com/huly/backend/infrastructure/presentation/dto/chatConfig/UpdateBotConfigRequest.class
com/huly/backend/infrastructure/presentation/dto/userPlant/GoalCompleteResponse.class
com/huly/backend/domain/useCase/pushNotification/GetPushSubscriptionStatusUseCase.class
com/huly/backend/infrastructure/config/useCase/AdminUseCaseConfig.class
com/huly/backend/domain/useCase/admin/userAntiScroll/GetUserAntiScrollStatsUseCase.class
com/huly/backend/infrastructure/presentation/dto/admin/AntiScrollDashboardResponse$AntiScrollDashboardResponseBuilder.class
com/huly/backend/domain/model/enums/ThemePreference.class
com/huly/backend/infrastructure/presentation/controller/CloudController.class
com/huly/backend/domain/model/payment/PaymentEvent.class
com/huly/backend/domain/repository/user/UserRepository.class
com/huly/backend/infrastructure/security/JwtAuthFilter.class
com/huly/backend/infrastructure/presentation/dto/store/StoreItemResponse.class
com/huly/backend/infrastructure/presentation/dto/payment/CreatePreferenceResponse.class
com/huly/backend/infrastructure/config/useCase/UserGoalUseCaseConfig.class
com/huly/backend/domain/model/dailyReward/DailyClaimState.class
com/huly/backend/infrastructure/presentation/controller/PushNotificationController.class
com/huly/backend/infrastructure/repository/jpaRepository/interfaces/IExtensionMetricJpaRepository.class
com/huly/backend/domain/model/riskWord/RiskWord.class
com/huly/backend/infrastructure/adapter/anthropic/AnthropicChatAdapter$1.class
com/huly/backend/domain/model/user/UserPlan.class
com/huly/backend/domain/service/chat/ChatQuotaService.class
com/huly/backend/domain/model/chat/ChatUserIntent.class
com/huly/backend/domain/port/AudioTranscriptionPort$VadResult.class
com/huly/backend/domain/useCase/mandala/GetMandalaProgressUseCase.class
com/huly/backend/infrastructure/presentation/exception/InternalServerErrorException.class
com/huly/backend/infrastructure/presentation/dto/admin/AntiScrollConfigResponse$AntiScrollConfigResponseBuilder.class
com/huly/backend/infrastructure/presentation/dto/admin/UserAntiScrollResponse.class
com/huly/backend/domain/model/emotionalRecommendation/CreateEmotionalEventCommand.class
com/huly/backend/infrastructure/repository/jpaRepository/implementation/PaymentEventRepositoryImpl.class
com/huly/backend/domain/service/payment/PlanService.class
com/huly/backend/infrastructure/presentation/dto/auth/LoginResponse$LoginResponseBuilder.class
com/huly/backend/infrastructure/config/useCase/DailyRewardUseCaseConfig.class
com/huly/backend/infrastructure/presentation/exception/UnauthorizedException.class
com/huly/backend/domain/repository/chat/ChatConversationPreferenceRepository.class
com/huly/backend/infrastructure/presentation/dto/chat/ChatResponse.class
com/huly/backend/domain/useCase/riskWord/CreateRiskWordUseCase.class
com/huly/backend/infrastructure/presentation/dto/userPlant/PlantGoalsResponse.class
com/huly/backend/infrastructure/presentation/controller/AdminUserController.class
com/huly/backend/infrastructure/config/useCase/UserUseCaseConfig.class
com/huly/backend/domain/model/breathingTechnique/BreathingTechnique.class
com/huly/backend/domain/repository/extension/UserAntiScrollSettingsRepository.class
com/huly/backend/domain/useCase/userPlant/GetPlantGoalsUseCase.class
com/huly/backend/infrastructure/presentation/dto/admin/UserAiDiagnosticsResponse$UserAiDiagnosticsResponseBuilder.class
com/huly/backend/infrastructure/repository/entity/ChatSessionEntity$ChatSessionEntityBuilder.class
com/huly/backend/infrastructure/repository/jpaRepository/implementation/ChatConversationPreferenceRepositoryImpl.class
com/huly/backend/infrastructure/presentation/dto/emotionalEvent/EmotionalEventFeedbackRequest.class
com/huly/backend/infrastructure/repository/jpaRepository/implementation/EmotionalEventRepositoryImpl.class
com/huly/backend/domain/port/PasswordHasherPort.class
com/huly/backend/infrastructure/presentation/dto/admin/BackofficeUserResponse.class
com/huly/backend/domain/useCase/userGoal/GetGoalImageUseCase.class
com/huly/backend/domain/model/chat/ChatConversationPreference.class
com/huly/backend/domain/model/journal/JournalEntry.class
com/huly/backend/domain/repository/user/UserGoalRepository.class
com/huly/backend/infrastructure/repository/jpaRepository/interfaces/IUserEmotionalStateJpaRepository.class
com/huly/backend/domain/exception/DailyRewardAlreadyClaimedException.class
com/huly/backend/infrastructure/config/useCase/OnboardingUseCaseConfig.class
com/huly/backend/infrastructure/config/AIConfig.class
com/huly/backend/domain/model/user/UserGoal.class
com/huly/backend/domain/model/admin/TopAppStats$TopAppStatsBuilder.class
com/huly/backend/domain/model/chat/ChatRecommendationOutcome.class
com/huly/backend/infrastructure/repository/mapper/UserStoreItemMapper.class
com/huly/backend/infrastructure/adapter/SenseVoiceAdapter$1.class
com/huly/backend/infrastructure/validation/MinimumAge.class
com/huly/backend/infrastructure/presentation/mapper/AdminPresentationMapper.class
com/huly/backend/domain/port/ChatMemoryPort.class
com/huly/backend/infrastructure/repository/entity/RefreshTokenEntity$RefreshTokenEntityBuilder.class
com/huly/backend/domain/model/mandala/AvailableMandala.class
com/huly/backend/infrastructure/repository/entity/GeneratedChallengeEmbeddable.class
com/huly/backend/infrastructure/repository/jpaRepository/interfaces/IUserPersonalitySummaryJpaRepository.class
com/huly/backend/domain/repository/payment/ProductRepository.class
com/huly/backend/infrastructure/config/useCase/ChatUseCaseConfig.class
com/huly/backend/infrastructure/presentation/controller/PaymentController.class
com/huly/backend/domain/port/LLMChatPort.class
com/huly/backend/infrastructure/repository/entity/PushSubscriptionEntity$PushSubscriptionEntityBuilder.class
com/huly/backend/infrastructure/presentation/dto/cloudRecommendation/CloudRecommendationRequest.class
com/huly/backend/domain/useCase/dailyReward/ClaimDailyRewardUseCase.class
com/huly/backend/infrastructure/repository/entity/ActivityEntity$ActivityEntityBuilder.class
com/huly/backend/infrastructure/presentation/controller/ActivityController.class
com/huly/backend/infrastructure/repository/entity/MandalaEntity.class
com/huly/backend/domain/model/enums/ChatOnboardingStatus.class
com/huly/backend/infrastructure/presentation/controller/LeadController.class
com/huly/backend/domain/exception/InsufficientCoinsException.class
com/huly/backend/infrastructure/repository/entity/MandalaPlanEntitlementEntity.class
com/huly/backend/infrastructure/config/useCase/EmotionalEventUseCaseConfig.class
com/huly/backend/domain/useCase/chat/HandleChatPreferencesUseCase$1.class
com/huly/backend/infrastructure/repository/entity/UserEmotionalStateEntity.class
com/huly/backend/infrastructure/presentation/dto/riskWord/RiskWordPageResponse.class
com/huly/backend/infrastructure/repository/entity/ProductEntity.class
com/huly/backend/infrastructure/presentation/dto/dailyReward/DailyRewardDayResponse.class
com/huly/backend/domain/useCase/mandala/ClearMandalaProgressUseCase.class
com/huly/backend/infrastructure/presentation/controller/DailyRewardController.class
com/huly/backend/infrastructure/repository/jpaRepository/interfaces/IEmotionalEventJpaRepository.class
com/huly/backend/infrastructure/repository/jpaRepository/implementation/UserAntiScrollSettingsRepositoryImpl.class
com/huly/backend/domain/model/emotionalRecommendation/EmotionalRecommendation.class
com/huly/backend/infrastructure/presentation/dto/auth/LoginResponse.class
com/huly/backend/domain/useCase/journal/ListJournalEntriesUseCase.class
com/huly/backend/infrastructure/presentation/controller/BreathingController.class
com/huly/backend/domain/useCase/chatBotConfig/UpdateBotConfigUseCase.class
com/huly/backend/domain/useCase/user/GetCurrentMembershipUseCase.class
com/huly/backend/infrastructure/repository/entity/ActivitySessionEntity$ActivitySessionEntityBuilder.class
com/huly/backend/infrastructure/email/EmailPortStubImpl.class
com/huly/backend/domain/model/enums/ChatPreferenceMessageType.class
com/huly/backend/domain/useCase/onboarding/GenerateOnboardingOptionsUseCase.class
com/huly/backend/infrastructure/adapter/vector/SpringAiVectorMemoryPort$1.class
com/huly/backend/domain/model/chat/ChatPersonalizationContext.class
com/huly/backend/domain/service/chat/ChatEmotionalRecommendationPolicy$1.class
com/huly/backend/infrastructure/presentation/exception/ErrorResponse$ErrorResponseBuilder.class
com/huly/backend/infrastructure/presentation/dto/pushNotification/SubscribeRequest.class
com/huly/backend/domain/model/chat/UpdateBotConfigCommand.class
com/huly/backend/infrastructure/repository/entity/PushSubscriptionEntity.class
com/huly/backend/domain/repository/activity/ActivitySessionRepository.class
com/huly/backend/infrastructure/presentation/dto/chat/ChatResponse$Metadata.class
com/huly/backend/infrastructure/repository/entity/EmotionalEventEntity$EmotionalEventEntityBuilder.class
com/huly/backend/domain/useCase/admin/userActivities/GetUserActivitiesResponse.class
com/huly/backend/infrastructure/repository/entity/SuggestedActionEmbeddable.class
com/huly/backend/infrastructure/presentation/dto/emotionalRecommendation/EmotionalRecommendationResponse.class
com/huly/backend/infrastructure/presentation/controller/EmotionalRecommendationController.class
com/huly/backend/infrastructure/repository/entity/JournalEntity.class
com/huly/backend/domain/useCase/onboarding/CompleteTutorialUseCase.class
com/huly/backend/infrastructure/presentation/dto/admin/PaymentEventDto.class
com/huly/backend/infrastructure/presentation/dto/emotionalEvent/EmotionalEventResponse.class
com/huly/backend/infrastructure/presentation/controller/UserPlantController.class
com/huly/backend/domain/service/vector/VectorMemoryProperties.class
com/huly/backend/infrastructure/presentation/dto/extension/AntiScrollSettingsRequest.class
com/huly/backend/infrastructure/repository/entity/AntiScrollConfigEntity.class
com/huly/backend/domain/model/badge/Badge$BadgeBuilder.class
com/huly/backend/domain/model/extension/ExtensionMetric$ExtensionMetricBuilder.class
com/huly/backend/infrastructure/repository/entity/EmotionalEventEntity.class
com/huly/backend/domain/useCase/auth/RegisterUseCase.class
com/huly/backend/domain/model/chat/ConversationMessage.class
com/huly/backend/infrastructure/presentation/exception/NotFoundException.class
com/huly/backend/domain/repository/PushSubscriptionRepository.class
com/huly/backend/domain/repository/mandala/MandalaProgressRepository.class
com/huly/backend/infrastructure/config/MercadoPagoSetup.class
com/huly/backend/infrastructure/presentation/exception/BadRequestException.class
com/huly/backend/domain/model/enums/EmotionalEventSource.class
com/huly/backend/infrastructure/repository/entity/DailyRewardEntity.class
com/huly/backend/infrastructure/presentation/dto/extension/AntiScrollSettingsResponse$AntiScrollSettingsResponseBuilder.class
com/huly/backend/infrastructure/presentation/controller/JournalController.class
com/huly/backend/domain/useCase/auth/AdminLoginUseCase.class
com/huly/backend/infrastructure/repository/jpaRepository/interfaces/IUserStoreItemJpaRepository.class
com/huly/backend/infrastructure/presentation/dto/admin/BackofficeUserResponse$BackofficeUserResponseBuilder.class
com/huly/backend/domain/exception/DuplicateResourceException.class
com/huly/backend/infrastructure/repository/jpaRepository/interfaces/IChatConversationPreferenceJpaRepository.class
com/huly/backend/infrastructure/presentation/dto/onboarding/GenerateOptionsRequest.class
com/huly/backend/domain/useCase/mandala/ListAvailableMandalasUseCase.class
com/huly/backend/domain/model/comebackReward/ComebackRewardPolicy.class
com/huly/backend/domain/model/extension/ExtensionMetric.class
com/huly/backend/infrastructure/config/ChatModelConfig.class
com/huly/backend/domain/port/EmailPort.class
com/huly/backend/domain/exception/BusinessRuleException.class
com/huly/backend/domain/model/enums/RecommendationDecision.class
com/huly/backend/domain/useCase/comebackReward/ClaimComebackRewardUseCase.class
com/huly/backend/domain/useCase/auth/RefreshTokenUseCase.class
com/huly/backend/infrastructure/presentation/dto/chat/ChatMessageResponse.class
com/huly/backend/infrastructure/repository/entity/UserPersonalitySummaryEntity$UserPersonalitySummaryEntityBuilder.class
com/huly/backend/infrastructure/presentation/dto/lead/LeadRequestDto.class
com/huly/backend/infrastructure/repository/jpaRepository/interfaces/IDailyRewardJpaRepository.class
com/huly/backend/domain/useCase/emotionalEvent/CreateEmotionalEventUseCase.class
com/huly/backend/infrastructure/presentation/dto/dashboard/EmotionalCategoryResponse.class
com/huly/backend/infrastructure/repository/jpaRepository/interfaces/IAntiScrollConfigJpaRepository.class
com/huly/backend/domain/useCase/store/ListStoreItemsUseCase.class
com/huly/backend/domain/useCase/journal/CreateJournalEntryUseCase.class
com/huly/backend/infrastructure/config/useCase/LeadUseCaseConfig.class
com/huly/backend/domain/useCase/lead/RegisterLeadUseCase.class
com/huly/backend/infrastructure/repository/entity/MandalaProgressEntity.class
com/huly/backend/infrastructure/presentation/dto/userGoal/UserGoalPageResponse.class
com/huly/backend/domain/model/chat/ChatConversationPreference$ChatConversationPreferenceBuilder.class
com/huly/backend/domain/service/payment/CoinService.class
com/huly/backend/infrastructure/presentation/dto/emotionalRecommendation/EmotionalRecommendationItemResponse.class
com/huly/backend/infrastructure/presentation/dto/userGoal/UserGoalUpdateRequest.class
com/huly/backend/infrastructure/repository/entity/UserSettingEntity.class
com/huly/backend/domain/model/extension/AntiScrollGlobalConfig.class
com/huly/backend/infrastructure/presentation/dto/comebackReward/ClaimComebackRewardResponse.class
com/huly/backend/infrastructure/repository/jpaRepository/implementation/MandalaPlanEntitlementRepositoryImpl.class
com/huly/backend/domain/useCase/admin/GetAntiScrollDashboardUseCase.class
com/huly/backend/infrastructure/repository/jpaRepository/interfaces/AppUserRepository.class
com/huly/backend/infrastructure/config/SecurityPasswordConfig.class
com/huly/backend/infrastructure/repository/jpaRepository/interfaces/IUserPlantJpaRepository.class
com/huly/backend/infrastructure/repository/jpaRepository/implementation/AntiScrollGlobalConfigRepositoryImpl.class
com/huly/backend/infrastructure/repository/jpaRepository/implementation/RiskWordRepositoryImpl.class
com/huly/backend/domain/repository/user/UserEmotionalStateRepository.class
com/huly/backend/infrastructure/repository/jpaRepository/implementation/PushSubscriptionRepositoryImpl.class
com/huly/backend/domain/useCase/chat/AudioChatUseCase.class
com/huly/backend/infrastructure/repository/entity/MandalaPlanEntitlementEntity$MandalaPlanEntitlementEntityBuilder.class
com/huly/backend/infrastructure/presentation/dto/userGoal/AcceptChallengeRequest.class
com/huly/backend/infrastructure/config/SecurityConfig.class
com/huly/backend/domain/useCase/emotionalEvent/UpdateEmotionalEventDecisionUseCase.class
com/huly/backend/domain/useCase/chat/ChatUseCase$ChatContext.class
com/huly/backend/infrastructure/adapter/anthropic/AnthropicImageValidationAdapter.class
com/huly/backend/infrastructure/presentation/dto/extension/ExtensionMetricRequest.class
com/huly/backend/domain/model/admin/AntiScrollDashboardStats$AntiScrollDashboardStatsBuilder.class
com/huly/backend/domain/repository/badge/BadgeRepository.class
com/huly/backend/infrastructure/presentation/dto/pushNotification/PushSubscriptionStatusResponse.class
com/huly/backend/domain/repository/chatBotConfig/EmotionalEventRepository.class
com/huly/backend/domain/useCase/onboarding/CompleteOnboardingUseCase.class
com/huly/backend/infrastructure/repository/entity/RiskWordEntity$RiskWordEntityBuilder.class
com/huly/backend/infrastructure/presentation/controller/ExtensionController.class
com/huly/backend/infrastructure/presentation/dto/payment/PlanResponse.class
com/huly/backend/domain/useCase/pushNotification/DeletePushSubscriptionUseCase.class
com/huly/backend/infrastructure/presentation/dto/admin/ActivitySessionDto$ActivitySessionDtoBuilder.class
com/huly/backend/domain/useCase/admin/userAntiScroll/GetUserAntiScrollStatsRequest.class
com/huly/backend/domain/port/TokenPort.class
com/huly/backend/domain/repository/user/UserPlanRepository.class
com/huly/backend/domain/useCase/pushNotification/SavePushSubscriptionUseCase.class
com/huly/backend/infrastructure/repository/entity/ChatMessageEntity$ChatMessageEntityBuilder.class
com/huly/backend/domain/model/dailyReward/DailyRewardCycle.class
com/huly/backend/infrastructure/repository/entity/PaymentEventEntity.class
com/huly/backend/domain/service/emotionalRecommendation/EmotionalRecommendationService$TrendAccumulator.class
com/huly/backend/infrastructure/presentation/dto/comebackReward/ComebackRewardStatusResponse.class
com/huly/backend/domain/useCase/chat/InitializeChatPreferencesUseCase$ChatConfigFlags.class
com/huly/backend/domain/model/auth/RefreshToken.class
com/huly/backend/infrastructure/presentation/dto/onboarding/CompleteOnboardingRequest.class
com/huly/backend/infrastructure/repository/jpaRepository/implementation/JournalEntryRepositoryImpl.class
com/huly/backend/infrastructure/repository/jpaRepository/implementation/MandalaRepositoryImpl.class
com/huly/backend/infrastructure/presentation/dto/admin/TopAppResponse.class
com/huly/backend/domain/model/vector/SaveVectorMemoryCommand.class
com/huly/backend/domain/model/cloudRecommendation/CloudRecommendation.class
com/huly/backend/domain/model/user/AppUser.class
com/huly/backend/infrastructure/repository/entity/UserSettingEntity$UserSettingEntityBuilder.class
com/huly/backend/domain/model/enums/CommunicationStyle.class
com/huly/backend/infrastructure/presentation/dto/emotionalEvent/EmotionalEventDecisionRequest.class
com/huly/backend/infrastructure/adapter/anthropic/AnthropicEmotionalAnalysisAdapter$1.class
com/huly/backend/infrastructure/repository/entity/UserDetailEntity$UserDetailEntityBuilder.class
com/huly/backend/domain/useCase/userGoal/GetUserGoalsByUserUseCase.class
com/huly/backend/infrastructure/repository/jpaRepository/implementation/MandalaProgressRepositoryImpl.class
com/huly/backend/infrastructure/presentation/dto/payment/ProductResponse.class
com/huly/backend/domain/model/user/UserBadge.class
com/huly/backend/infrastructure/presentation/controller/UserController.class
com/huly/backend/domain/useCase/activities/RegisterActivitySessionUseCase.class
com/huly/backend/domain/model/chat/ChatReply$GeneratedChallenge.class
com/huly/backend/infrastructure/repository/entity/BreathingTechniquesEntity$BreathingTechniquesEntityBuilder.class
com/huly/backend/domain/model/enums/UserRole.class
com/huly/backend/infrastructure/presentation/dto/dashboard/WellbeingResponse.class
com/huly/backend/domain/useCase/extension/GetUserAntiScrollSettingsResponse$GetUserAntiScrollSettingsResponseBuilder.class
com/huly/backend/domain/repository/rewards/DailyRewardRepository.class
com/huly/backend/infrastructure/repository/jpaRepository/interfaces/IMandalaProgressJpaRepository.class
com/huly/backend/infrastructure/repository/jpaRepository/implementation/StoreItemRepositoryImpl.class
com/huly/backend/domain/exception/AccountNotActiveException.class
com/huly/backend/infrastructure/repository/jpaRepository/implementation/ChatMessageRepositoryImpl.class
com/huly/backend/infrastructure/repository/jpaRepository/interfaces/IRefreshTokenJpaRepository.class
com/huly/backend/domain/port/VectorMemoryPort.class
com/huly/backend/infrastructure/repository/mapper/UserBadgeMapper.class
com/huly/backend/infrastructure/repository/jpaRepository/implementation/UserGoalRepositoryImpl.class
com/huly/backend/domain/model/user/UserProfile.class
com/huly/backend/infrastructure/presentation/dto/dashboard/ActivityResponse.class
com/huly/backend/domain/model/mandala/Mandala$MandalaBuilder.class
com/huly/backend/infrastructure/presentation/dto/admin/ActivitySessionDto.class
com/huly/backend/infrastructure/adapter/ai/NoOpImageValidationAdapter.class
com/huly/backend/infrastructure/presentation/dto/userGoal/UserGoalResponse.class
com/huly/backend/infrastructure/repository/jpaRepository/specification/RiskWordFilterSpec.class
com/huly/backend/infrastructure/repository/jpaRepository/implementation/ChatConfigRepositoryImpl.class
com/huly/backend/domain/useCase/badge/GetAllBadgesUseCase.class
com/huly/backend/domain/useCase/chat/SaveChallengeDecisionUseCase.class
com/huly/backend/domain/model/vector/SearchVectorMemoryQuery.class
com/huly/backend/infrastructure/config/useCase/AuthUseCaseConfig.class
com/huly/backend/infrastructure/repository/entity/PaymentEventEntity$PaymentEventEntityBuilder.class
com/huly/backend/infrastructure/repository/entity/ChatConversationPreferenceEntity$ChatConversationPreferenceEntityBuilder.class
com/huly/backend/infrastructure/repository/entity/AppUserEntity.class
com/huly/backend/domain/model/chat/EmotionalAnalysisResult.class
com/huly/backend/domain/model/auth/AuthTokens$AuthTokensBuilder.class
com/huly/backend/domain/model/auth/RefreshToken$RefreshTokenBuilder.class
com/huly/backend/infrastructure/repository/jpaRepository/interfaces/IUserPlanJpaRepository.class
com/huly/backend/domain/useCase/cloudRecommendation/GetCloudRecommendationUseCase.class
com/huly/backend/domain/model/user/UserBadge$UserBadgeBuilder.class
com/huly/backend/domain/useCase/admin/userFinancials/GetUserFinancialsUseCase.class
com/huly/backend/domain/useCase/riskWord/ListRiskWordsUseCase.class
com/huly/backend/infrastructure/repository/entity/UserPlanEntity.class
com/huly/backend/domain/model/breathingTechnique/BreathingTechnique$BreathingTechniqueBuilder.class
com/huly/backend/domain/model/extension/UserAntiScrollSettings$UserAntiScrollSettingsBuilder.class
com/huly/backend/infrastructure/presentation/exception/customExceptions/UserNotFoundException.class
com/huly/backend/infrastructure/repository/jpaRepository/implementation/UserPersonalitySummaryRepositoryImpl.class
com/huly/backend/domain/useCase/user/GetUserCoinsUseCase.class
com/huly/backend/infrastructure/repository/jpaRepository/interfaces/IActivityJpaRepository.class
com/huly/backend/infrastructure/presentation/dto/riskWord/RiskWordResponse.class
com/huly/backend/domain/repository/StoreItemRepository.class
com/huly/backend/infrastructure/repository/entity/UserPlantEntity$UserPlantEntityBuilder.class
com/huly/backend/domain/model/activity/ActivitySession.class
com/huly/backend/domain/port/AudioTranscriptionPort$AudioTranscriptionResult.class
com/huly/backend/domain/model/mandala/MandalaProgress.class
com/huly/backend/domain/service/emotionalRecommendation/EmotionalRecommendationService.class
com/huly/backend/domain/useCase/userGoal/AddUserGoalUseCase.class
com/huly/backend/infrastructure/repository/mapper/BadgeMapper.class
com/huly/backend/infrastructure/config/useCase/PaymentUseCaseConfig.class
com/huly/backend/domain/model/payment/PaymentPreferenceResult.class
com/huly/backend/infrastructure/repository/entity/MandalaProgressEntity$MandalaProgressEntityBuilder.class
com/huly/backend/infrastructure/repository/entity/DailyRewardEntity$DailyRewardEntityBuilder.class
com/huly/backend/domain/useCase/badge/GrantBadgeUseCase.class
com/huly/backend/domain/model/emotionalRecommendation/EmotionalEvent.class
com/huly/backend/infrastructure/presentation/dto/admin/VectorMemoryDto.class
com/huly/backend/domain/service/vector/UserVectorMemoryService$PersonalitySummaryDto.class
com/huly/backend/domain/useCase/activities/ListActivitiesUseCase.class
com/huly/backend/infrastructure/repository/jpaRepository/implementation/DailyRewardRepositoryImpl.class
com/huly/backend/infrastructure/presentation/dto/onboarding/GenerateOptionsResponse.class
com/huly/backend/domain/exception/InvalidCredentialsException.class
com/huly/backend/domain/model/user/UserPlan$UserPlanBuilder.class
com/huly/backend/domain/model/payment/MercadoPagoPaymentResult.class
com/huly/backend/domain/model/PushSubscription.class
com/huly/backend/infrastructure/adapter/anthropic/AnthropicChatPreferenceExtractionAdapter.class
com/huly/backend/domain/useCase/payment/HandleWebhookUseCase.class
com/huly/backend/infrastructure/adapter/anthropic/AnthropicChatAdapter.class
com/huly/backend/domain/useCase/userPlant/GetOrCreateCurrentPlantUseCase.class
com/huly/backend/infrastructure/presentation/dto/emotionalState/UserEmotionalStateRequest.class
com/huly/backend/infrastructure/presentation/dto/admin/UserFinancialsResponse$UserFinancialsResponseBuilder.class
com/huly/backend/domain/service/vector/VectorMemoryPolicy.class
com/huly/backend/domain/repository/chatBotConfig/RiskWordRepository.class
com/huly/backend/infrastructure/config/useCase/PushNotificationUseCaseConfig.class
com/huly/backend/infrastructure/presentation/controller/StoreController.class
com/huly/backend/domain/model/enums/UserStatus.class
com/huly/backend/infrastructure/presentation/dto/admin/UserAntiScrollResponse$UserAntiScrollResponseBuilder.class
com/huly/backend/domain/service/chat/PromptBuilderService.class
com/huly/backend/domain/useCase/admin/userAiDiagnostics/EmotionalEventResponse.class
com/huly/backend/infrastructure/config/useCase/RiskWordUseCaseConfig.class
com/huly/backend/infrastructure/repository/jpaRepository/interfaces/IChatMessageJpaRepository.class
com/huly/backend/domain/model/user/AppUser$AppUserBuilder.class
com/huly/backend/domain/model/vector/SearchVectorMemoriesQuery.class
com/huly/backend/domain/useCase/userGoal/UpdateUserGoalUseCase.class
com/huly/backend/domain/model/activity/Activity.class
com/huly/backend/domain/model/PushSubscription$PushSubscriptionBuilder.class
com/huly/backend/domain/repository/UserStoreItemRepository.class
com/huly/backend/domain/repository/activity/ActivityRepository.class
com/huly/backend/domain/useCase/admin/userActivities/GetUserActivitiesUseCase.class
com/huly/backend/infrastructure/repository/jpaRepository/interfaces/IChatConfigJpaRepository.class
com/huly/backend/domain/repository/payment/PaymentEventRepository.class
com/huly/backend/domain/exception/InsufficientPermissionsException.class
com/huly/backend/domain/useCase/chat/GetChatEmotionalRecommendationUseCase.class
com/huly/backend/domain/service/emotionalRecommendation/EmotionalRecommendationService$1.class
com/huly/backend/infrastructure/adapter/vector/NoOpVectorMemoryPort.class
com/huly/backend/domain/useCase/admin/antiScrollConfig/UpdateAntiScrollGlobalConfigUseCase.class
com/huly/backend/domain/useCase/userGoal/AcceptChallengeUseCase.class
com/huly/backend/infrastructure/repository/entity/SuggestedActionEmbeddable$SuggestedActionEmbeddableBuilder.class
com/huly/backend/domain/useCase/admin/ListBackofficeUsersUseCase.class
com/huly/backend/domain/repository/chat/ChatConfigRepository.class
com/huly/backend/domain/repository/mandala/MandalaRepository.class
com/huly/backend/domain/model/chat/ChatOnboardingInitialization.class
com/huly/backend/domain/useCase/pushNotification/ReEngagementEmailScheduler.class
com/huly/backend/domain/model/enums/ActivityType.class
com/huly/backend/domain/model/chat/ChatConfig$ChatConfigBuilder.class
com/huly/backend/domain/model/enums/ProductType.class
com/huly/backend/infrastructure/presentation/dto/admin/AntiScrollConfigRequest.class
com/huly/backend/infrastructure/repository/jpaRepository/implementation/UserEmotionalStateRepositoryImpl.class
com/huly/backend/domain/repository/auth/RefreshTokenRepository.class
com/huly/backend/domain/repository/user/UserBadgeRepository.class
com/huly/backend/infrastructure/repository/jpaRepository/interfaces/IPaymentEventJpaRepository.class
com/huly/backend/infrastructure/repository/entity/ChatMessageEntity.class
com/huly/backend/infrastructure/config/useCase/BadgeUseCaseConfig.class
com/huly/backend/domain/model/user/UserEmotionalState.class
com/huly/backend/infrastructure/repository/entity/UserEmotionalStateEntity$UserEmotionalStateEntityBuilder.class
com/huly/backend/domain/model/shop/StoreItem$StoreItemBuilder.class
com/huly/backend/domain/useCase/admin/userAiDiagnostics/GetUserAiDiagnosticsUseCase.class
com/huly/backend/domain/useCase/extension/GetUserAntiScrollSettingsResponse.class
com/huly/backend/infrastructure/presentation/controller/OnboardingController.class
com/huly/backend/infrastructure/presentation/dto/mandala/MandalaResponse.class
com/huly/backend/domain/useCase/admin/userActivities/ActivitySessionResponse.class
com/huly/backend/domain/useCase/emotionalRecommendation/GetEmotionalRecommendationsUseCase.class
com/huly/backend/infrastructure/repository/jpaRepository/interfaces/IJournalJpaRepository.class
com/huly/backend/domain/useCase/admin/userAiDiagnostics/GetUserAiDiagnosticsResponse.class
com/huly/backend/infrastructure/config/useCase/ChatBotConfigUseCaseConfig.class
com/huly/backend/infrastructure/repository/jpaRepository/interfaces/UserDetailRepository.class
com/huly/backend/domain/dto/dailyReward/ClaimDailyRewardResponse.class
com/huly/backend/infrastructure/repository/entity/ActivityEntity.class
com/huly/backend/domain/model/vector/VectorMemoryEntry.class
com/huly/backend/domain/model/activity/ActivitySession$ActivitySessionBuilder.class
com/huly/backend/infrastructure/presentation/controller/UserEmotionalStateController.class
com/huly/backend/infrastructure/presentation/dto/extension/AntiScrollSettingsResponse.class
com/huly/backend/infrastructure/adapter/SenseVoiceAdapter.class
com/huly/backend/infrastructure/repository/entity/AppUserEntity$AppUserEntityBuilder.class
com/huly/backend/infrastructure/config/useCase/ComebackRewardUseCaseConfig.class
com/huly/backend/infrastructure/repository/jpaRepository/interfaces/IUserGoalJpaRepository.class
com/huly/backend/domain/exception/ResourceNotFoundException.class
com/huly/backend/domain/useCase/userGoal/CompleteUserGoalUseCase.class
com/huly/backend/domain/model/payment/PaymentEvent$PaymentEventBuilder.class
com/huly/backend/infrastructure/repository/jpaRepository/interfaces/IMandalaJpaRepository.class
com/huly/backend/infrastructure/repository/entity/UserStoreItemEntity.class
com/huly/backend/domain/useCase/chat/HandleChatPreferencesUseCase.class
com/huly/backend/infrastructure/repository/jpaRepository/implementation/UserDetailDomainRepositoryImpl.class
com/huly/backend/infrastructure/repository/entity/ChatConfigEntity$ChatConfigEntityBuilder.class
com/huly/backend/domain/model/user/UserPlant.class
com/huly/backend/infrastructure/presentation/dto/admin/EmotionalEventDto.class
com/huly/backend/infrastructure/config/useCase/UserPlantUseCaseConfig.class
com/huly/backend/infrastructure/presentation/exception/ForbiddenException.class
com/huly/backend/infrastructure/repository/entity/UserPlantEntity.class
com/huly/backend/infrastructure/repository/jpaRepository/interfaces/IChatSessionJpaRepository.class
com/huly/backend/infrastructure/adapter/memory/JpaChatMemoryAdapter.class
com/huly/backend/domain/model/chat/SuggestedChatAction.class
com/huly/backend/infrastructure/repository/entity/EmotionEntity.class
com/huly/backend/infrastructure/presentation/dto/pushNotification/UnsubscribeRequest.class
com/huly/backend/infrastructure/repository/entity/EmotionEntity$EmotionEntityBuilder.class
com/huly/backend/domain/useCase/pushNotification/PushNotificationScheduler.class
com/huly/backend/infrastructure/presentation/dto/admin/AntiScrollDashboardResponse.class
com/huly/backend/infrastructure/repository/mapper/AntiScrollGlobalConfigMapper.class
com/huly/backend/infrastructure/config/CorsFilter.class
com/huly/backend/infrastructure/repository/mapper/ChatConfigMapper.class
com/huly/backend/domain/model/user/UserStoreItem$UserStoreItemBuilder.class
com/huly/backend/infrastructure/presentation/dto/admin/PaymentEventDto$PaymentEventDtoBuilder.class
com/huly/backend/domain/repository/mandala/MandalaPlanEntitlementRepository.class
com/huly/backend/infrastructure/repository/entity/RiskWordEntity.class
com/huly/backend/domain/repository/UserPlantRepository.class
com/huly/backend/domain/model/chat/ChatConfig.class
com/huly/backend/domain/model/chat/ChatReply.class
com/huly/backend/domain/model/chat/ChatPreferenceDetectionResult.class
com/huly/backend/infrastructure/config/useCase/CloudRecommendationUseCaseConfig.class
com/huly/backend/domain/dto/dailyReward/GetDailyRewardStatusRequest.class
com/huly/backend/domain/repository/breathingTechnique/BreathingTechniqueRepository.class
com/huly/backend/domain/exception/ImageValidationUnavailableException.class
com/huly/backend/domain/model/enums/MessageRole.class
com/huly/backend/infrastructure/presentation/dto/auth/LoginRequest.class
com/huly/backend/domain/model/enums/PlantStatus.class
com/huly/backend/infrastructure/repository/mapper/ChatMessageMapper.class
com/huly/backend/domain/model/admin/TopAppStats.class
com/huly/backend/domain/useCase/extension/SaveExtensionMetricsUseCase.class
com/huly/backend/domain/useCase/extension/SaveUserAntiScrollSettingsUseCase.class
com/huly/backend/infrastructure/presentation/dto/activities/RegisterActivitySessionRequest.class
com/huly/backend/infrastructure/presentation/dto/journal/JournalEntryRequest.class
com/huly/backend/domain/model/extension/AntiScrollGlobalConfig$AntiScrollGlobalConfigBuilder.class
com/huly/backend/infrastructure/presentation/dto/user/CoinsResponse.class
com/huly/backend/infrastructure/presentation/controller/UserGoalController.class
com/huly/backend/domain/useCase/store/UnequipStoreItemUseCase.class
com/huly/backend/domain/useCase/riskWord/DeleteRiskWordUseCase.class
com/huly/backend/domain/model/mandala/MandalaProgress$MandalaProgressBuilder.class
com/huly/backend/domain/repository/chat/ChatSessionRepository.class
com/huly/backend/domain/model/badge/Badge.class
com/huly/backend/domain/useCase/badge/GetUserBadgesUseCase.class
com/huly/backend/domain/service/vector/UserProfileFactExtractor.class
com/huly/backend/domain/port/ImageValidationPort.class
com/huly/backend/infrastructure/presentation/dto/emotionalRecommendation/EmotionalRecommendationRequest.class
com/huly/backend/domain/useCase/emotionalEvent/SaveUserEmotionalStateUseCase.class
com/huly/backend/domain/model/enums/Timeframe.class
com/huly/backend/infrastructure/presentation/dto/chat/ChatResponse$SuggestedAction.class
com/huly/backend/infrastructure/repository/entity/RefreshTokenEntity.class
com/huly/backend/infrastructure/presentation/dto/emotionalEvent/EmotionalEventRequest.class
com/huly/backend/infrastructure/repository/entity/BadgeEntity.class
com/huly/backend/domain/useCase/emotionalEvent/UpdateEmotionalEventFeedbackUseCase.class
com/huly/backend/infrastructure/adapter/ai/NoOpChatPreferenceExtractionAdapter.class
com/huly/backend/infrastructure/repository/jpaRepository/interfaces/IProductJpaRepository.class
com/huly/backend/infrastructure/presentation/dto/cloudRecommendation/CloudRecommendationResponse.class
com/huly/backend/BackendApplication.class
com/huly/backend/domain/dto/comebackReward/GetComebackRewardStatusResponse.class
com/huly/backend/infrastructure/repository/entity/AntiScrollConfigEntity$AntiScrollConfigEntityBuilder.class
com/huly/backend/infrastructure/presentation/controller/AuthController.class
com/huly/backend/infrastructure/presentation/dto/admin/AntiScrollConfigResponse.class
com/huly/backend/domain/model/chat/ChatMessage.class
com/huly/backend/infrastructure/presentation/dto/chat/ChatResponse$GeneratedChallenge.class
com/huly/backend/domain/useCase/admin/userFinancials/PaymentEventResponse.class
com/huly/backend/domain/useCase/auth/LoginUseCase.class
com/huly/backend/domain/useCase/store/GetUserInventoryUseCase.class
com/huly/backend/infrastructure/repository/entity/UserPlanEntity$UserPlanEntityBuilder.class
com/huly/backend/domain/useCase/mandala/SaveMandalaProgressUseCase.class
com/huly/backend/infrastructure/presentation/controller/ChatController.class
com/huly/backend/domain/useCase/payment/CreatePaymentPreferenceUseCase.class
com/huly/backend/infrastructure/repository/jpaRepository/interfaces/IBreathingTechniqueJpaRepository.class
com/huly/backend/infrastructure/repository/jpaRepository/implementation/BreathingTechniqueRepositoryImpl.class
com/huly/backend/domain/model/goals/ImageValidationResult.class
com/huly/backend/infrastructure/adapter/anthropic/AnthropicChatAdapter$ChatReplyDto.class
com/huly/backend/domain/model/auth/AuthTokens.class
com/huly/backend/infrastructure/email/EmailPortJavaMailImpl.class
com/huly/backend/infrastructure/presentation/dto/lead/LeadResponseDto.class
com/huly/backend/infrastructure/repository/jpaRepository/implementation/BadgeRepositoryImpl.class
com/huly/backend/infrastructure/adapter/mercadopago/MercadoPagoAdapter.class
com/huly/backend/infrastructure/presentation/dto/dailyReward/DailyRewardStatusResponse.class
com/huly/backend/infrastructure/config/useCase/BreathingUseCaseConfig.class
com/huly/backend/infrastructure/repository/entity/ActivitySessionEntity.class
com/huly/backend/infrastructure/presentation/dto/admin/UserActivitiesResponse.class
com/huly/backend/infrastructure/repository/entity/JournalEntity$JournalEntityBuilder.class
com/huly/backend/domain/useCase/admin/antiScrollConfig/GetAntiScrollGlobalConfigResponse.class
com/huly/backend/infrastructure/presentation/dto/payment/WebhookNotificationDto.class
com/huly/backend/domain/model/enums/MandalaUnlockSource.class
com/huly/backend/domain/model/enums/ChatPreferenceExpectedField.class
com/huly/backend/domain/model/emotionalRecommendation/UpdateRecommendationDecisionCommand.class
com/huly/backend/domain/model/admin/AntiScrollDashboardStats.class
com/huly/backend/infrastructure/presentation/dto/chatConfig/BotConfigResponse.class
com/huly/backend/domain/useCase/riskWord/UpdateRiskWordUseCase.class
com/huly/backend/infrastructure/presentation/controller/EmotionalEventController.class
com/huly/backend/infrastructure/presentation/dto/chat/ChatChallengeDecisionRequest.class
com/huly/backend/infrastructure/security/UserDetailsWithIdService.class
com/huly/backend/domain/service/vector/UserVectorMemoryService.class
com/huly/backend/infrastructure/repository/entity/ExtensionMetricEntity.class
com/huly/backend/domain/useCase/dailyReward/GetDailyRewardStatusUseCase.class
com/huly/backend/domain/model/enums/GoalStatus.class
com/huly/backend/domain/model/dailyReward/DailyReward.class
com/huly/backend/infrastructure/repository/jpaRepository/interfaces/IJournalEntryJpaRepository.class
com/huly/backend/infrastructure/presentation/dto/admin/UserAiDiagnosticsResponse.class
com/huly/backend/domain/port/MercadoPagoPort.class
com/huly/backend/domain/model/extension/UserAntiScrollSettings.class
com/huly/backend/domain/useCase/BreathingSession/GetBreathingTechniquesUseCase.class
com/huly/backend/domain/repository/extension/ExtensionMetricsRepository.class
com/huly/backend/infrastructure/repository/entity/UserDetailEntity.class
com/huly/backend/domain/useCase/comebackReward/GetComebackRewardStatusUseCase.class
com/huly/backend/infrastructure/repository/entity/StoreItemEntity$StoreItemEntityBuilder.class
com/huly/backend/infrastructure/repository/entity/BreathingTechniquesEntity.class
com/huly/backend/domain/service/chat/ChatEmotionalRecommendationPolicy.class
com/huly/backend/infrastructure/presentation/controller/BotConfigController.class
com/huly/backend/infrastructure/presentation/dto/journal/JournalEntryResponse.class
com/huly/backend/domain/useCase/auth/LogoutUseCase.class
com/huly/backend/infrastructure/presentation/dto/cloudRecommendation/CloudThoughtRequest.class
com/huly/backend/infrastructure/repository/jpaRepository/implementation/RefreshTokenRepositoryImpl.class
com/huly/backend/domain/port/ChatPreferenceExtractionPort.class
com/huly/backend/domain/repository/extension/AntiScrollGlobalConfigRepository.class
com/huly/backend/infrastructure/repository/entity/ProductEntity$ProductEntityBuilder.class
com/huly/backend/infrastructure/repository/jpaRepository/implementation/ActivityRepositoryImpl.class
com/huly/backend/infrastructure/presentation/dto/user/MembershipResponse.class
com/huly/backend/infrastructure/presentation/dto/admin/UserActivitiesResponse$UserActivitiesResponseBuilder.class
com/huly/backend/infrastructure/presentation/exception/GlobalExceptionHandler.class
com/huly/backend/infrastructure/presentation/dto/badge/BadgeResponse.class
com/huly/backend/domain/useCase/payment/ListPlansUseCase.class
com/huly/backend/domain/model/emotionalRecommendation/Vad.class
com/huly/backend/infrastructure/security/UserDetailsServiceImpl.class
com/huly/backend/domain/dto/comebackReward/GetComebackRewardStatusRequest.class
com/huly/backend/infrastructure/presentation/dto/userGoal/UserGoalRequest.class
com/huly/backend/infrastructure/repository/entity/JournalEntriesEntity$JournalEntriesEntityBuilder.class
com/huly/backend/infrastructure/presentation/dto/admin/EmotionalEventDto$EmotionalEventDtoBuilder.class
com/huly/backend/domain/model/user/UserGoal$UserGoalBuilder.class
com/huly/backend/domain/useCase/extension/GetUserAntiScrollSettingsUseCase.class
com/huly/backend/infrastructure/repository/jpaRepository/interfaces/IBadgeJpaRepository.class
com/huly/backend/infrastructure/presentation/dto/badge/UserBadgeResponse.class
com/huly/backend/domain/port/AudioTranscriptionPort.class
com/huly/backend/domain/service/chat/RiskWordService.class
com/huly/backend/domain/model/vector/DeleteVectorMemoryCommand.class
com/huly/backend/domain/service/chat/BotConfigService.class
com/huly/backend/infrastructure/repository/entity/ExtensionMetricEntity$ExtensionMetricEntityBuilder.class
com/huly/backend/infrastructure/repository/jpaRepository/implementation/ExtensionMetricsRepositoryImpl.class
com/huly/backend/domain/useCase/pushNotification/PlanExpiryReminderScheduler.class
com/huly/backend/infrastructure/repository/entity/BreathingSessionsEntity$BreathingSessionsEntityBuilder.class
com/huly/backend/domain/dto/comebackReward/ClaimComebackRewardResponse.class
com/huly/backend/domain/model/user/UserStoreItem.class
com/huly/backend/domain/model/emotionalRecommendation/EmotionalEvent$EmotionalEventBuilder.class
com/huly/backend/infrastructure/presentation/dto/payment/WebhookNotificationDto$WebhookDataDto.class
com/huly/backend/domain/model/enums/PaymentStatus.class
com/huly/backend/domain/useCase/userGoal/DeleteUserGoalUseCase.class
com/huly/backend/infrastructure/security/JwtService.class
