/home/sergioramirez/Documents/huly/huly-tpi/backend/src/main/java/com/huly/backend/BackendApplication.java
/home/sergioramirez/Documents/huly/huly-tpi/backend/src/main/java/com/huly/backend/domain/dto/comebackReward/ClaimComebackRewardRequest.java
/home/sergioramirez/Documents/huly/huly-tpi/backend/src/main/java/com/huly/backend/domain/dto/comebackReward/ClaimComebackRewardResponse.java
/home/sergioramirez/Documents/huly/huly-tpi/backend/src/main/java/com/huly/backend/domain/dto/comebackReward/GetComebackRewardStatusRequest.java
/home/sergioramirez/Documents/huly/huly-tpi/backend/src/main/java/com/huly/backend/domain/dto/comebackReward/GetComebackRewardStatusResponse.java
/home/sergioramirez/Documents/huly/huly-tpi/backend/src/main/java/com/huly/backend/domain/dto/dailyReward/ClaimDailyRewardRequest.java
/home/sergioramirez/Documents/huly/huly-tpi/backend/src/main/java/com/huly/backend/domain/dto/dailyReward/ClaimDailyRewardResponse.java
/home/sergioramirez/Documents/huly/huly-tpi/backend/src/main/java/com/huly/backend/domain/dto/dailyReward/GetDailyRewardStatusRequest.java
/home/sergioramirez/Documents/huly/huly-tpi/backend/src/main/java/com/huly/backend/domain/dto/dailyReward/GetDailyRewardStatusResponse.java
/home/sergioramirez/Documents/huly/huly-tpi/backend/src/main/java/com/huly/backend/domain/exception/AccountNotActiveException.java
/home/sergioramirez/Documents/huly/huly-tpi/backend/src/main/java/com/huly/backend/domain/exception/BusinessRuleException.java
/home/sergioramirez/Documents/huly/huly-tpi/backend/src/main/java/com/huly/backend/domain/exception/DailyRewardAlreadyClaimedException.java
/home/sergioramirez/Documents/huly/huly-tpi/backend/src/main/java/com/huly/backend/domain/exception/DomainException.java
/home/sergioramirez/Documents/huly/huly-tpi/backend/src/main/java/com/huly/backend/domain/exception/DuplicateResourceException.java
/home/sergioramirez/Documents/huly/huly-tpi/backend/src/main/java/com/huly/backend/domain/exception/ImageValidationUnavailableException.java
/home/sergioramirez/Documents/huly/huly-tpi/backend/src/main/java/com/huly/backend/domain/exception/InfrastructureException.java
/home/sergioramirez/Documents/huly/huly-tpi/backend/src/main/java/com/huly/backend/domain/exception/InsufficientCoinsException.java
/home/sergioramirez/Documents/huly/huly-tpi/backend/src/main/java/com/huly/backend/domain/exception/InsufficientPermissionsException.java
/home/sergioramirez/Documents/huly/huly-tpi/backend/src/main/java/com/huly/backend/domain/exception/InvalidCredentialsException.java
/home/sergioramirez/Documents/huly/huly-tpi/backend/src/main/java/com/huly/backend/domain/exception/InvalidGoalImageException.java
/home/sergioramirez/Documents/huly/huly-tpi/backend/src/main/java/com/huly/backend/domain/exception/ResourceNotFoundException.java
/home/sergioramirez/Documents/huly/huly-tpi/backend/src/main/java/com/huly/backend/domain/model/PushSubscription.java
/home/sergioramirez/Documents/huly/huly-tpi/backend/src/main/java/com/huly/backend/domain/model/activity/Activity.java
/home/sergioramirez/Documents/huly/huly-tpi/backend/src/main/java/com/huly/backend/domain/model/activity/ActivitySession.java
/home/sergioramirez/Documents/huly/huly-tpi/backend/src/main/java/com/huly/backend/domain/model/admin/AntiScrollDashboardStats.java
/home/sergioramirez/Documents/huly/huly-tpi/backend/src/main/java/com/huly/backend/domain/model/admin/BackofficeUserSummary.java
/home/sergioramirez/Documents/huly/huly-tpi/backend/src/main/java/com/huly/backend/domain/model/admin/TopAppStats.java
/home/sergioramirez/Documents/huly/huly-tpi/backend/src/main/java/com/huly/backend/domain/model/auth/AuthTokens.java
/home/sergioramirez/Documents/huly/huly-tpi/backend/src/main/java/com/huly/backend/domain/model/auth/RefreshToken.java
/home/sergioramirez/Documents/huly/huly-tpi/backend/src/main/java/com/huly/backend/domain/model/badge/Badge.java
/home/sergioramirez/Documents/huly/huly-tpi/backend/src/main/java/com/huly/backend/domain/model/breathingTechnique/BreathingTechnique.java
/home/sergioramirez/Documents/huly/huly-tpi/backend/src/main/java/com/huly/backend/domain/model/chat/ChatConfig.java
/home/sergioramirez/Documents/huly/huly-tpi/backend/src/main/java/com/huly/backend/domain/model/chat/ChatConversationPreference.java
/home/sergioramirez/Documents/huly/huly-tpi/backend/src/main/java/com/huly/backend/domain/model/chat/ChatMessage.java
/home/sergioramirez/Documents/huly/huly-tpi/backend/src/main/java/com/huly/backend/domain/model/chat/ChatOnboardingInitialization.java
/home/sergioramirez/Documents/huly/huly-tpi/backend/src/main/java/com/huly/backend/domain/model/chat/ChatPersonalizationContext.java
/home/sergioramirez/Documents/huly/huly-tpi/backend/src/main/java/com/huly/backend/domain/model/chat/ChatPreferenceDetectionResult.java
/home/sergioramirez/Documents/huly/huly-tpi/backend/src/main/java/com/huly/backend/domain/model/chat/ChatPreferenceHandlingResult.java
/home/sergioramirez/Documents/huly/huly-tpi/backend/src/main/java/com/huly/backend/domain/model/chat/ChatRecommendationOutcome.java
/home/sergioramirez/Documents/huly/huly-tpi/backend/src/main/java/com/huly/backend/domain/model/chat/ChatReply.java
/home/sergioramirez/Documents/huly/huly-tpi/backend/src/main/java/com/huly/backend/domain/model/chat/ChatUserIntent.java
/home/sergioramirez/Documents/huly/huly-tpi/backend/src/main/java/com/huly/backend/domain/model/chat/ConversationMessage.java
/home/sergioramirez/Documents/huly/huly-tpi/backend/src/main/java/com/huly/backend/domain/model/chat/EmotionalAnalysisResult.java
/home/sergioramirez/Documents/huly/huly-tpi/backend/src/main/java/com/huly/backend/domain/model/chat/SuggestedChatAction.java
/home/sergioramirez/Documents/huly/huly-tpi/backend/src/main/java/com/huly/backend/domain/model/chat/UpdateBotConfigCommand.java
/home/sergioramirez/Documents/huly/huly-tpi/backend/src/main/java/com/huly/backend/domain/model/cloudRecommendation/CloudRecommendation.java
/home/sergioramirez/Documents/huly/huly-tpi/backend/src/main/java/com/huly/backend/domain/model/comebackReward/ComebackRewardPolicy.java
/home/sergioramirez/Documents/huly/huly-tpi/backend/src/main/java/com/huly/backend/domain/model/dailyReward/DailyClaimState.java
/home/sergioramirez/Documents/huly/huly-tpi/backend/src/main/java/com/huly/backend/domain/model/dailyReward/DailyReward.java
/home/sergioramirez/Documents/huly/huly-tpi/backend/src/main/java/com/huly/backend/domain/model/dailyReward/DailyRewardCycle.java
/home/sergioramirez/Documents/huly/huly-tpi/backend/src/main/java/com/huly/backend/domain/model/emotionalRecommendation/CreateEmotionalEventCommand.java
/home/sergioramirez/Documents/huly/huly-tpi/backend/src/main/java/com/huly/backend/domain/model/emotionalRecommendation/EmotionalEvent.java
/home/sergioramirez/Documents/huly/huly-tpi/backend/src/main/java/com/huly/backend/domain/model/emotionalRecommendation/EmotionalRecommendation.java
/home/sergioramirez/Documents/huly/huly-tpi/backend/src/main/java/com/huly/backend/domain/model/emotionalRecommendation/EmotionalRecommendationItem.java
/home/sergioramirez/Documents/huly/huly-tpi/backend/src/main/java/com/huly/backend/domain/model/emotionalRecommendation/EmotionalRecommendationResult.java
/home/sergioramirez/Documents/huly/huly-tpi/backend/src/main/java/com/huly/backend/domain/model/emotionalRecommendation/UpdateEmotionalEventFeedbackCommand.java
/home/sergioramirez/Documents/huly/huly-tpi/backend/src/main/java/com/huly/backend/domain/model/emotionalRecommendation/UpdateRecommendationDecisionCommand.java
/home/sergioramirez/Documents/huly/huly-tpi/backend/src/main/java/com/huly/backend/domain/model/emotionalRecommendation/Vad.java
/home/sergioramirez/Documents/huly/huly-tpi/backend/src/main/java/com/huly/backend/domain/model/enums/ActivityType.java
/home/sergioramirez/Documents/huly/huly-tpi/backend/src/main/java/com/huly/backend/domain/model/enums/ChatOnboardingStatus.java
/home/sergioramirez/Documents/huly/huly-tpi/backend/src/main/java/com/huly/backend/domain/model/enums/ChatPreferenceExpectedField.java
/home/sergioramirez/Documents/huly/huly-tpi/backend/src/main/java/com/huly/backend/domain/model/enums/ChatPreferenceMessageType.java
/home/sergioramirez/Documents/huly/huly-tpi/backend/src/main/java/com/huly/backend/domain/model/enums/CommunicationStyle.java
/home/sergioramirez/Documents/huly/huly-tpi/backend/src/main/java/com/huly/backend/domain/model/enums/EmotionType.java
/home/sergioramirez/Documents/huly/huly-tpi/backend/src/main/java/com/huly/backend/domain/model/enums/EmotionalEventSource.java
/home/sergioramirez/Documents/huly/huly-tpi/backend/src/main/java/com/huly/backend/domain/model/enums/GoalStatus.java
/home/sergioramirez/Documents/huly/huly-tpi/backend/src/main/java/com/huly/backend/domain/model/enums/ItemCategory.java
/home/sergioramirez/Documents/huly/huly-tpi/backend/src/main/java/com/huly/backend/domain/model/enums/MandalaAccessType.java
/home/sergioramirez/Documents/huly/huly-tpi/backend/src/main/java/com/huly/backend/domain/model/enums/MandalaUnlockSource.java
/home/sergioramirez/Documents/huly/huly-tpi/backend/src/main/java/com/huly/backend/domain/model/enums/MessageRole.java
/home/sergioramirez/Documents/huly/huly-tpi/backend/src/main/java/com/huly/backend/domain/model/enums/Mood.java
/home/sergioramirez/Documents/huly/huly-tpi/backend/src/main/java/com/huly/backend/domain/model/enums/PaymentStatus.java
/home/sergioramirez/Documents/huly/huly-tpi/backend/src/main/java/com/huly/backend/domain/model/enums/PlantStatus.java
/home/sergioramirez/Documents/huly/huly-tpi/backend/src/main/java/com/huly/backend/domain/model/enums/ProductType.java
/home/sergioramirez/Documents/huly/huly-tpi/backend/src/main/java/com/huly/backend/domain/model/enums/RecommendationDecision.java
/home/sergioramirez/Documents/huly/huly-tpi/backend/src/main/java/com/huly/backend/domain/model/enums/RiskSeverity.java
/home/sergioramirez/Documents/huly/huly-tpi/backend/src/main/java/com/huly/backend/domain/model/enums/SourceAction.java
/home/sergioramirez/Documents/huly/huly-tpi/backend/src/main/java/com/huly/backend/domain/model/enums/ThemePreference.java
/home/sergioramirez/Documents/huly/huly-tpi/backend/src/main/java/com/huly/backend/domain/model/enums/Timeframe.java
/home/sergioramirez/Documents/huly/huly-tpi/backend/src/main/java/com/huly/backend/domain/model/enums/UserRole.java
/home/sergioramirez/Documents/huly/huly-tpi/backend/src/main/java/com/huly/backend/domain/model/enums/UserStatus.java
/home/sergioramirez/Documents/huly/huly-tpi/backend/src/main/java/com/huly/backend/domain/model/extension/AntiScrollGlobalConfig.java
/home/sergioramirez/Documents/huly/huly-tpi/backend/src/main/java/com/huly/backend/domain/model/extension/ExtensionMetric.java
/home/sergioramirez/Documents/huly/huly-tpi/backend/src/main/java/com/huly/backend/domain/model/extension/UserAntiScrollSettings.java
/home/sergioramirez/Documents/huly/huly-tpi/backend/src/main/java/com/huly/backend/domain/model/goals/ImageValidationResult.java
/home/sergioramirez/Documents/huly/huly-tpi/backend/src/main/java/com/huly/backend/domain/model/journal/JournalEntry.java
/home/sergioramirez/Documents/huly/huly-tpi/backend/src/main/java/com/huly/backend/domain/model/mandala/AvailableMandala.java
/home/sergioramirez/Documents/huly/huly-tpi/backend/src/main/java/com/huly/backend/domain/model/mandala/Mandala.java
/home/sergioramirez/Documents/huly/huly-tpi/backend/src/main/java/com/huly/backend/domain/model/mandala/MandalaProgress.java
/home/sergioramirez/Documents/huly/huly-tpi/backend/src/main/java/com/huly/backend/domain/model/payment/MercadoPagoPaymentResult.java
/home/sergioramirez/Documents/huly/huly-tpi/backend/src/main/java/com/huly/backend/domain/model/payment/PaymentEvent.java
/home/sergioramirez/Documents/huly/huly-tpi/backend/src/main/java/com/huly/backend/domain/model/payment/PaymentPreferenceResult.java
/home/sergioramirez/Documents/huly/huly-tpi/backend/src/main/java/com/huly/backend/domain/model/payment/Product.java
/home/sergioramirez/Documents/huly/huly-tpi/backend/src/main/java/com/huly/backend/domain/model/riskWord/RiskWord.java
/home/sergioramirez/Documents/huly/huly-tpi/backend/src/main/java/com/huly/backend/domain/model/shop/StoreItem.java
/home/sergioramirez/Documents/huly/huly-tpi/backend/src/main/java/com/huly/backend/domain/model/user/AppUser.java
/home/sergioramirez/Documents/huly/huly-tpi/backend/src/main/java/com/huly/backend/domain/model/user/UserBadge.java
/home/sergioramirez/Documents/huly/huly-tpi/backend/src/main/java/com/huly/backend/domain/model/user/UserEmotionalState.java
/home/sergioramirez/Documents/huly/huly-tpi/backend/src/main/java/com/huly/backend/domain/model/user/UserGoal.java
/home/sergioramirez/Documents/huly/huly-tpi/backend/src/main/java/com/huly/backend/domain/model/user/UserPersonalitySummary.java
/home/sergioramirez/Documents/huly/huly-tpi/backend/src/main/java/com/huly/backend/domain/model/user/UserPlan.java
/home/sergioramirez/Documents/huly/huly-tpi/backend/src/main/java/com/huly/backend/domain/model/user/UserPlant.java
/home/sergioramirez/Documents/huly/huly-tpi/backend/src/main/java/com/huly/backend/domain/model/user/UserProfile.java
/home/sergioramirez/Documents/huly/huly-tpi/backend/src/main/java/com/huly/backend/domain/model/user/UserStoreItem.java
/home/sergioramirez/Documents/huly/huly-tpi/backend/src/main/java/com/huly/backend/domain/model/vector/DeleteVectorMemoryCommand.java
/home/sergioramirez/Documents/huly/huly-tpi/backend/src/main/java/com/huly/backend/domain/model/vector/SaveVectorMemoryCommand.java
/home/sergioramirez/Documents/huly/huly-tpi/backend/src/main/java/com/huly/backend/domain/model/vector/SearchVectorMemoriesQuery.java
/home/sergioramirez/Documents/huly/huly-tpi/backend/src/main/java/com/huly/backend/domain/model/vector/SearchVectorMemoryQuery.java
/home/sergioramirez/Documents/huly/huly-tpi/backend/src/main/java/com/huly/backend/domain/model/vector/VectorMemory.java
/home/sergioramirez/Documents/huly/huly-tpi/backend/src/main/java/com/huly/backend/domain/model/vector/VectorMemoryEntry.java
/home/sergioramirez/Documents/huly/huly-tpi/backend/src/main/java/com/huly/backend/domain/model/vector/VectorMemorySource.java
/home/sergioramirez/Documents/huly/huly-tpi/backend/src/main/java/com/huly/backend/domain/port/AudioTranscriptionPort.java
/home/sergioramirez/Documents/huly/huly-tpi/backend/src/main/java/com/huly/backend/domain/port/ChatMemoryPort.java
/home/sergioramirez/Documents/huly/huly-tpi/backend/src/main/java/com/huly/backend/domain/port/ChatPreferenceExtractionPort.java
/home/sergioramirez/Documents/huly/huly-tpi/backend/src/main/java/com/huly/backend/domain/port/EmailPort.java
/home/sergioramirez/Documents/huly/huly-tpi/backend/src/main/java/com/huly/backend/domain/port/EmotionalAnalysisPort.java
/home/sergioramirez/Documents/huly/huly-tpi/backend/src/main/java/com/huly/backend/domain/port/ImageValidationPort.java
/home/sergioramirez/Documents/huly/huly-tpi/backend/src/main/java/com/huly/backend/domain/port/LLMChatPort.java
/home/sergioramirez/Documents/huly/huly-tpi/backend/src/main/java/com/huly/backend/domain/port/MercadoPagoPort.java
/home/sergioramirez/Documents/huly/huly-tpi/backend/src/main/java/com/huly/backend/domain/port/PasswordHasherPort.java
/home/sergioramirez/Documents/huly/huly-tpi/backend/src/main/java/com/huly/backend/domain/port/TokenPort.java
/home/sergioramirez/Documents/huly/huly-tpi/backend/src/main/java/com/huly/backend/domain/port/VectorMemoryPort.java
/home/sergioramirez/Documents/huly/huly-tpi/backend/src/main/java/com/huly/backend/domain/repository/PushSubscriptionRepository.java
/home/sergioramirez/Documents/huly/huly-tpi/backend/src/main/java/com/huly/backend/domain/repository/StoreItemRepository.java
/home/sergioramirez/Documents/huly/huly-tpi/backend/src/main/java/com/huly/backend/domain/repository/UserPersonalitySummaryRepository.java
/home/sergioramirez/Documents/huly/huly-tpi/backend/src/main/java/com/huly/backend/domain/repository/UserPlantRepository.java
/home/sergioramirez/Documents/huly/huly-tpi/backend/src/main/java/com/huly/backend/domain/repository/UserStoreItemRepository.java
/home/sergioramirez/Documents/huly/huly-tpi/backend/src/main/java/com/huly/backend/domain/repository/activity/ActivityRepository.java
/home/sergioramirez/Documents/huly/huly-tpi/backend/src/main/java/com/huly/backend/domain/repository/activity/ActivitySessionRepository.java
/home/sergioramirez/Documents/huly/huly-tpi/backend/src/main/java/com/huly/backend/domain/repository/auth/RefreshTokenRepository.java
/home/sergioramirez/Documents/huly/huly-tpi/backend/src/main/java/com/huly/backend/domain/repository/badge/BadgeRepository.java
/home/sergioramirez/Documents/huly/huly-tpi/backend/src/main/java/com/huly/backend/domain/repository/breathingTechnique/BreathingTechniqueRepository.java
/home/sergioramirez/Documents/huly/huly-tpi/backend/src/main/java/com/huly/backend/domain/repository/chat/ChatConfigRepository.java
/home/sergioramirez/Documents/huly/huly-tpi/backend/src/main/java/com/huly/backend/domain/repository/chat/ChatConversationPreferenceRepository.java
/home/sergioramirez/Documents/huly/huly-tpi/backend/src/main/java/com/huly/backend/domain/repository/chat/ChatMessageRepository.java
/home/sergioramirez/Documents/huly/huly-tpi/backend/src/main/java/com/huly/backend/domain/repository/chat/ChatSessionRepository.java
/home/sergioramirez/Documents/huly/huly-tpi/backend/src/main/java/com/huly/backend/domain/repository/chatBotConfig/EmotionalEventRepository.java
/home/sergioramirez/Documents/huly/huly-tpi/backend/src/main/java/com/huly/backend/domain/repository/chatBotConfig/RiskWordRepository.java
/home/sergioramirez/Documents/huly/huly-tpi/backend/src/main/java/com/huly/backend/domain/repository/extension/AntiScrollGlobalConfigRepository.java
/home/sergioramirez/Documents/huly/huly-tpi/backend/src/main/java/com/huly/backend/domain/repository/extension/ExtensionMetricsRepository.java
/home/sergioramirez/Documents/huly/huly-tpi/backend/src/main/java/com/huly/backend/domain/repository/extension/UserAntiScrollSettingsRepository.java
/home/sergioramirez/Documents/huly/huly-tpi/backend/src/main/java/com/huly/backend/domain/repository/journal/JournalEntryRepository.java
/home/sergioramirez/Documents/huly/huly-tpi/backend/src/main/java/com/huly/backend/domain/repository/mandala/MandalaPlanEntitlementRepository.java
/home/sergioramirez/Documents/huly/huly-tpi/backend/src/main/java/com/huly/backend/domain/repository/mandala/MandalaProgressRepository.java
/home/sergioramirez/Documents/huly/huly-tpi/backend/src/main/java/com/huly/backend/domain/repository/mandala/MandalaRepository.java
/home/sergioramirez/Documents/huly/huly-tpi/backend/src/main/java/com/huly/backend/domain/repository/payment/PaymentEventRepository.java
/home/sergioramirez/Documents/huly/huly-tpi/backend/src/main/java/com/huly/backend/domain/repository/payment/ProductRepository.java
/home/sergioramirez/Documents/huly/huly-tpi/backend/src/main/java/com/huly/backend/domain/repository/rewards/DailyRewardRepository.java
/home/sergioramirez/Documents/huly/huly-tpi/backend/src/main/java/com/huly/backend/domain/repository/user/UserBadgeRepository.java
/home/sergioramirez/Documents/huly/huly-tpi/backend/src/main/java/com/huly/backend/domain/repository/user/UserDetailDomainRepository.java
/home/sergioramirez/Documents/huly/huly-tpi/backend/src/main/java/com/huly/backend/domain/repository/user/UserEmotionalStateRepository.java
/home/sergioramirez/Documents/huly/huly-tpi/backend/src/main/java/com/huly/backend/domain/repository/user/UserGoalRepository.java
/home/sergioramirez/Documents/huly/huly-tpi/backend/src/main/java/com/huly/backend/domain/repository/user/UserPlanRepository.java
/home/sergioramirez/Documents/huly/huly-tpi/backend/src/main/java/com/huly/backend/domain/repository/user/UserRepository.java
/home/sergioramirez/Documents/huly/huly-tpi/backend/src/main/java/com/huly/backend/domain/service/chat/BotConfigService.java
/home/sergioramirez/Documents/huly/huly-tpi/backend/src/main/java/com/huly/backend/domain/service/chat/ChatEmotionalRecommendationPolicy.java
/home/sergioramirez/Documents/huly/huly-tpi/backend/src/main/java/com/huly/backend/domain/service/chat/ChatQuotaService.java
/home/sergioramirez/Documents/huly/huly-tpi/backend/src/main/java/com/huly/backend/domain/service/chat/PromptBuilderService.java
/home/sergioramirez/Documents/huly/huly-tpi/backend/src/main/java/com/huly/backend/domain/service/chat/RiskWordService.java
/home/sergioramirez/Documents/huly/huly-tpi/backend/src/main/java/com/huly/backend/domain/service/emotionalRecommendation/EmotionalRecommendationService.java
/home/sergioramirez/Documents/huly/huly-tpi/backend/src/main/java/com/huly/backend/domain/service/payment/CoinService.java
/home/sergioramirez/Documents/huly/huly-tpi/backend/src/main/java/com/huly/backend/domain/service/payment/PlanService.java
/home/sergioramirez/Documents/huly/huly-tpi/backend/src/main/java/com/huly/backend/domain/service/userGoal/ImageStorageService.java
/home/sergioramirez/Documents/huly/huly-tpi/backend/src/main/java/com/huly/backend/domain/service/vector/UserProfileFactExtractor.java
/home/sergioramirez/Documents/huly/huly-tpi/backend/src/main/java/com/huly/backend/domain/service/vector/UserVectorMemoryService.java
/home/sergioramirez/Documents/huly/huly-tpi/backend/src/main/java/com/huly/backend/domain/service/vector/VectorMemoryPolicy.java
/home/sergioramirez/Documents/huly/huly-tpi/backend/src/main/java/com/huly/backend/domain/service/vector/VectorMemoryProperties.java
/home/sergioramirez/Documents/huly/huly-tpi/backend/src/main/java/com/huly/backend/domain/useCase/BreathingSession/GetBreathingTechniquesUseCase.java
/home/sergioramirez/Documents/huly/huly-tpi/backend/src/main/java/com/huly/backend/domain/useCase/activities/ListActivitiesUseCase.java
/home/sergioramirez/Documents/huly/huly-tpi/backend/src/main/java/com/huly/backend/domain/useCase/activities/RegisterActivitySessionUseCase.java
/home/sergioramirez/Documents/huly/huly-tpi/backend/src/main/java/com/huly/backend/domain/useCase/admin/GetAntiScrollDashboardUseCase.java
/home/sergioramirez/Documents/huly/huly-tpi/backend/src/main/java/com/huly/backend/domain/useCase/admin/ListBackofficeUsersUseCase.java
/home/sergioramirez/Documents/huly/huly-tpi/backend/src/main/java/com/huly/backend/domain/useCase/admin/antiScrollConfig/GetAntiScrollGlobalConfigResponse.java
/home/sergioramirez/Documents/huly/huly-tpi/backend/src/main/java/com/huly/backend/domain/useCase/admin/antiScrollConfig/GetAntiScrollGlobalConfigUseCase.java
/home/sergioramirez/Documents/huly/huly-tpi/backend/src/main/java/com/huly/backend/domain/useCase/admin/antiScrollConfig/UpdateAntiScrollGlobalConfigRequest.java
/home/sergioramirez/Documents/huly/huly-tpi/backend/src/main/java/com/huly/backend/domain/useCase/admin/antiScrollConfig/UpdateAntiScrollGlobalConfigUseCase.java
/home/sergioramirez/Documents/huly/huly-tpi/backend/src/main/java/com/huly/backend/domain/useCase/admin/userActivities/ActivitySessionResponse.java
/home/sergioramirez/Documents/huly/huly-tpi/backend/src/main/java/com/huly/backend/domain/useCase/admin/userActivities/GetUserActivitiesRequest.java
/home/sergioramirez/Documents/huly/huly-tpi/backend/src/main/java/com/huly/backend/domain/useCase/admin/userActivities/GetUserActivitiesResponse.java
/home/sergioramirez/Documents/huly/huly-tpi/backend/src/main/java/com/huly/backend/domain/useCase/admin/userActivities/GetUserActivitiesUseCase.java
/home/sergioramirez/Documents/huly/huly-tpi/backend/src/main/java/com/huly/backend/domain/useCase/admin/userAiDiagnostics/EmotionalEventResponse.java
/home/sergioramirez/Documents/huly/huly-tpi/backend/src/main/java/com/huly/backend/domain/useCase/admin/userAiDiagnostics/GetUserAiDiagnosticsRequest.java
/home/sergioramirez/Documents/huly/huly-tpi/backend/src/main/java/com/huly/backend/domain/useCase/admin/userAiDiagnostics/GetUserAiDiagnosticsResponse.java
/home/sergioramirez/Documents/huly/huly-tpi/backend/src/main/java/com/huly/backend/domain/useCase/admin/userAiDiagnostics/GetUserAiDiagnosticsUseCase.java
/home/sergioramirez/Documents/huly/huly-tpi/backend/src/main/java/com/huly/backend/domain/useCase/admin/userAiDiagnostics/VectorMemoryResponse.java
/home/sergioramirez/Documents/huly/huly-tpi/backend/src/main/java/com/huly/backend/domain/useCase/admin/userAntiScroll/GetUserAntiScrollStatsRequest.java
/home/sergioramirez/Documents/huly/huly-tpi/backend/src/main/java/com/huly/backend/domain/useCase/admin/userAntiScroll/GetUserAntiScrollStatsResponse.java
/home/sergioramirez/Documents/huly/huly-tpi/backend/src/main/java/com/huly/backend/domain/useCase/admin/userAntiScroll/GetUserAntiScrollStatsUseCase.java
/home/sergioramirez/Documents/huly/huly-tpi/backend/src/main/java/com/huly/backend/domain/useCase/admin/userFinancials/GetUserFinancialsRequest.java
/home/sergioramirez/Documents/huly/huly-tpi/backend/src/main/java/com/huly/backend/domain/useCase/admin/userFinancials/GetUserFinancialsResponse.java
/home/sergioramirez/Documents/huly/huly-tpi/backend/src/main/java/com/huly/backend/domain/useCase/admin/userFinancials/GetUserFinancialsUseCase.java
/home/sergioramirez/Documents/huly/huly-tpi/backend/src/main/java/com/huly/backend/domain/useCase/admin/userFinancials/PaymentEventResponse.java
/home/sergioramirez/Documents/huly/huly-tpi/backend/src/main/java/com/huly/backend/domain/useCase/auth/AdminLoginUseCase.java
/home/sergioramirez/Documents/huly/huly-tpi/backend/src/main/java/com/huly/backend/domain/useCase/auth/GetCurrentUserUseCase.java
/home/sergioramirez/Documents/huly/huly-tpi/backend/src/main/java/com/huly/backend/domain/useCase/auth/LoginUseCase.java
/home/sergioramirez/Documents/huly/huly-tpi/backend/src/main/java/com/huly/backend/domain/useCase/auth/LogoutUseCase.java
/home/sergioramirez/Documents/huly/huly-tpi/backend/src/main/java/com/huly/backend/domain/useCase/auth/RefreshTokenUseCase.java
/home/sergioramirez/Documents/huly/huly-tpi/backend/src/main/java/com/huly/backend/domain/useCase/auth/RegisterUseCase.java
/home/sergioramirez/Documents/huly/huly-tpi/backend/src/main/java/com/huly/backend/domain/useCase/badge/GetAllBadgesUseCase.java
/home/sergioramirez/Documents/huly/huly-tpi/backend/src/main/java/com/huly/backend/domain/useCase/badge/GetUserBadgesUseCase.java
/home/sergioramirez/Documents/huly/huly-tpi/backend/src/main/java/com/huly/backend/domain/useCase/badge/GrantBadgeUseCase.java
/home/sergioramirez/Documents/huly/huly-tpi/backend/src/main/java/com/huly/backend/domain/useCase/chat/AudioChatUseCase.java
/home/sergioramirez/Documents/huly/huly-tpi/backend/src/main/java/com/huly/backend/domain/useCase/chat/ChatUseCase.java
/home/sergioramirez/Documents/huly/huly-tpi/backend/src/main/java/com/huly/backend/domain/useCase/chat/GetChatEmotionalRecommendationUseCase.java
/home/sergioramirez/Documents/huly/huly-tpi/backend/src/main/java/com/huly/backend/domain/useCase/chat/HandleChatPreferencesUseCase.java
/home/sergioramirez/Documents/huly/huly-tpi/backend/src/main/java/com/huly/backend/domain/useCase/chat/InitializeChatPreferencesUseCase.java
/home/sergioramirez/Documents/huly/huly-tpi/backend/src/main/java/com/huly/backend/domain/useCase/chat/ListChatHistoryUseCase.java
/home/sergioramirez/Documents/huly/huly-tpi/backend/src/main/java/com/huly/backend/domain/useCase/chat/SaveChallengeDecisionUseCase.java
/home/sergioramirez/Documents/huly/huly-tpi/backend/src/main/java/com/huly/backend/domain/useCase/chatBotConfig/GetBotConfigUseCase.java
/home/sergioramirez/Documents/huly/huly-tpi/backend/src/main/java/com/huly/backend/domain/useCase/chatBotConfig/UpdateBotConfigUseCase.java
/home/sergioramirez/Documents/huly/huly-tpi/backend/src/main/java/com/huly/backend/domain/useCase/cloudRecommendation/GetCloudRecommendationUseCase.java
/home/sergioramirez/Documents/huly/huly-tpi/backend/src/main/java/com/huly/backend/domain/useCase/comebackReward/ClaimComebackRewardUseCase.java
/home/sergioramirez/Documents/huly/huly-tpi/backend/src/main/java/com/huly/backend/domain/useCase/comebackReward/GetComebackRewardStatusUseCase.java
/home/sergioramirez/Documents/huly/huly-tpi/backend/src/main/java/com/huly/backend/domain/useCase/dailyReward/ClaimDailyRewardUseCase.java
/home/sergioramirez/Documents/huly/huly-tpi/backend/src/main/java/com/huly/backend/domain/useCase/dailyReward/GetDailyRewardStatusUseCase.java
/home/sergioramirez/Documents/huly/huly-tpi/backend/src/main/java/com/huly/backend/domain/useCase/emotionalEvent/CreateEmotionalEventUseCase.java
/home/sergioramirez/Documents/huly/huly-tpi/backend/src/main/java/com/huly/backend/domain/useCase/emotionalEvent/SaveUserEmotionalStateUseCase.java
/home/sergioramirez/Documents/huly/huly-tpi/backend/src/main/java/com/huly/backend/domain/useCase/emotionalEvent/UpdateEmotionalEventDecisionUseCase.java
/home/sergioramirez/Documents/huly/huly-tpi/backend/src/main/java/com/huly/backend/domain/useCase/emotionalEvent/UpdateEmotionalEventFeedbackUseCase.java
/home/sergioramirez/Documents/huly/huly-tpi/backend/src/main/java/com/huly/backend/domain/useCase/emotionalRecommendation/GetEmotionalRecommendationsUseCase.java
/home/sergioramirez/Documents/huly/huly-tpi/backend/src/main/java/com/huly/backend/domain/useCase/extension/GetUserAntiScrollSettingsResponse.java
/home/sergioramirez/Documents/huly/huly-tpi/backend/src/main/java/com/huly/backend/domain/useCase/extension/GetUserAntiScrollSettingsUseCase.java
/home/sergioramirez/Documents/huly/huly-tpi/backend/src/main/java/com/huly/backend/domain/useCase/extension/SaveExtensionMetricsUseCase.java
/home/sergioramirez/Documents/huly/huly-tpi/backend/src/main/java/com/huly/backend/domain/useCase/extension/SaveUserAntiScrollSettingsUseCase.java
/home/sergioramirez/Documents/huly/huly-tpi/backend/src/main/java/com/huly/backend/domain/useCase/journal/CreateJournalEntryUseCase.java
/home/sergioramirez/Documents/huly/huly-tpi/backend/src/main/java/com/huly/backend/domain/useCase/journal/ListJournalEntriesUseCase.java
/home/sergioramirez/Documents/huly/huly-tpi/backend/src/main/java/com/huly/backend/domain/useCase/lead/RegisterLeadUseCase.java
/home/sergioramirez/Documents/huly/huly-tpi/backend/src/main/java/com/huly/backend/domain/useCase/mandala/ClearMandalaProgressUseCase.java
/home/sergioramirez/Documents/huly/huly-tpi/backend/src/main/java/com/huly/backend/domain/useCase/mandala/GetMandalaProgressUseCase.java
/home/sergioramirez/Documents/huly/huly-tpi/backend/src/main/java/com/huly/backend/domain/useCase/mandala/ListAvailableMandalasUseCase.java
/home/sergioramirez/Documents/huly/huly-tpi/backend/src/main/java/com/huly/backend/domain/useCase/mandala/SaveMandalaProgressUseCase.java
/home/sergioramirez/Documents/huly/huly-tpi/backend/src/main/java/com/huly/backend/domain/useCase/onboarding/CompleteOnboardingUseCase.java
/home/sergioramirez/Documents/huly/huly-tpi/backend/src/main/java/com/huly/backend/domain/useCase/onboarding/CompleteTutorialUseCase.java
/home/sergioramirez/Documents/huly/huly-tpi/backend/src/main/java/com/huly/backend/domain/useCase/onboarding/GenerateOnboardingOptionsUseCase.java
/home/sergioramirez/Documents/huly/huly-tpi/backend/src/main/java/com/huly/backend/domain/useCase/payment/CreatePaymentPreferenceUseCase.java
/home/sergioramirez/Documents/huly/huly-tpi/backend/src/main/java/com/huly/backend/domain/useCase/payment/CreateStoreItemPreferenceUseCase.java
/home/sergioramirez/Documents/huly/huly-tpi/backend/src/main/java/com/huly/backend/domain/useCase/payment/HandleWebhookUseCase.java
/home/sergioramirez/Documents/huly/huly-tpi/backend/src/main/java/com/huly/backend/domain/useCase/payment/ListPlansUseCase.java
/home/sergioramirez/Documents/huly/huly-tpi/backend/src/main/java/com/huly/backend/domain/useCase/payment/ListProductsUseCase.java
/home/sergioramirez/Documents/huly/huly-tpi/backend/src/main/java/com/huly/backend/domain/useCase/pushNotification/DeletePushSubscriptionUseCase.java
/home/sergioramirez/Documents/huly/huly-tpi/backend/src/main/java/com/huly/backend/domain/useCase/pushNotification/GetPushSubscriptionStatusUseCase.java
/home/sergioramirez/Documents/huly/huly-tpi/backend/src/main/java/com/huly/backend/domain/useCase/pushNotification/PlanExpiryReminderScheduler.java
/home/sergioramirez/Documents/huly/huly-tpi/backend/src/main/java/com/huly/backend/domain/useCase/pushNotification/PushNotificationScheduler.java
/home/sergioramirez/Documents/huly/huly-tpi/backend/src/main/java/com/huly/backend/domain/useCase/pushNotification/ReEngagementEmailScheduler.java
/home/sergioramirez/Documents/huly/huly-tpi/backend/src/main/java/com/huly/backend/domain/useCase/pushNotification/SavePushSubscriptionUseCase.java
/home/sergioramirez/Documents/huly/huly-tpi/backend/src/main/java/com/huly/backend/domain/useCase/pushNotification/UnsubscribeFromEmailsUseCase.java
/home/sergioramirez/Documents/huly/huly-tpi/backend/src/main/java/com/huly/backend/domain/useCase/riskWord/CreateRiskWordUseCase.java
/home/sergioramirez/Documents/huly/huly-tpi/backend/src/main/java/com/huly/backend/domain/useCase/riskWord/DeleteRiskWordUseCase.java
/home/sergioramirez/Documents/huly/huly-tpi/backend/src/main/java/com/huly/backend/domain/useCase/riskWord/ListRiskWordsUseCase.java
/home/sergioramirez/Documents/huly/huly-tpi/backend/src/main/java/com/huly/backend/domain/useCase/riskWord/UpdateRiskWordUseCase.java
/home/sergioramirez/Documents/huly/huly-tpi/backend/src/main/java/com/huly/backend/domain/useCase/store/BuyStoreItemUseCase.java
/home/sergioramirez/Documents/huly/huly-tpi/backend/src/main/java/com/huly/backend/domain/useCase/store/EquipStoreItemUseCase.java
/home/sergioramirez/Documents/huly/huly-tpi/backend/src/main/java/com/huly/backend/domain/useCase/store/GetUserInventoryUseCase.java
/home/sergioramirez/Documents/huly/huly-tpi/backend/src/main/java/com/huly/backend/domain/useCase/store/ListStoreItemsUseCase.java
/home/sergioramirez/Documents/huly/huly-tpi/backend/src/main/java/com/huly/backend/domain/useCase/store/UnequipStoreItemUseCase.java
/home/sergioramirez/Documents/huly/huly-tpi/backend/src/main/java/com/huly/backend/domain/useCase/user/GetCurrentMembershipUseCase.java
/home/sergioramirez/Documents/huly/huly-tpi/backend/src/main/java/com/huly/backend/domain/useCase/user/GetUserCoinsUseCase.java
/home/sergioramirez/Documents/huly/huly-tpi/backend/src/main/java/com/huly/backend/domain/useCase/userGoal/AcceptChallengeUseCase.java
/home/sergioramirez/Documents/huly/huly-tpi/backend/src/main/java/com/huly/backend/domain/useCase/userGoal/AddUserGoalUseCase.java
/home/sergioramirez/Documents/huly/huly-tpi/backend/src/main/java/com/huly/backend/domain/useCase/userGoal/CompleteUserGoalUseCase.java
/home/sergioramirez/Documents/huly/huly-tpi/backend/src/main/java/com/huly/backend/domain/useCase/userGoal/DeleteUserGoalUseCase.java
/home/sergioramirez/Documents/huly/huly-tpi/backend/src/main/java/com/huly/backend/domain/useCase/userGoal/GetGoalImageUseCase.java
/home/sergioramirez/Documents/huly/huly-tpi/backend/src/main/java/com/huly/backend/domain/useCase/userGoal/GetUserGoalsByUserUseCase.java
/home/sergioramirez/Documents/huly/huly-tpi/backend/src/main/java/com/huly/backend/domain/useCase/userGoal/UpdateUserGoalUseCase.java
/home/sergioramirez/Documents/huly/huly-tpi/backend/src/main/java/com/huly/backend/domain/useCase/userPlant/GetOrCreateCurrentPlantUseCase.java
/home/sergioramirez/Documents/huly/huly-tpi/backend/src/main/java/com/huly/backend/domain/useCase/userPlant/GetPlantGoalsUseCase.java
/home/sergioramirez/Documents/huly/huly-tpi/backend/src/main/java/com/huly/backend/domain/useCase/userPlant/GetUserPlantsUseCase.java
/home/sergioramirez/Documents/huly/huly-tpi/backend/src/main/java/com/huly/backend/infrastructure/adapter/SenseVoiceAdapter.java
/home/sergioramirez/Documents/huly/huly-tpi/backend/src/main/java/com/huly/backend/infrastructure/adapter/ai/NoOpChatPreferenceExtractionAdapter.java
/home/sergioramirez/Documents/huly/huly-tpi/backend/src/main/java/com/huly/backend/infrastructure/adapter/ai/NoOpEmotionalAnalysisAdapter.java
/home/sergioramirez/Documents/huly/huly-tpi/backend/src/main/java/com/huly/backend/infrastructure/adapter/ai/NoOpImageValidationAdapter.java
/home/sergioramirez/Documents/huly/huly-tpi/backend/src/main/java/com/huly/backend/infrastructure/adapter/anthropic/AnthropicChatAdapter.java
/home/sergioramirez/Documents/huly/huly-tpi/backend/src/main/java/com/huly/backend/infrastructure/adapter/anthropic/AnthropicChatPreferenceExtractionAdapter.java
/home/sergioramirez/Documents/huly/huly-tpi/backend/src/main/java/com/huly/backend/infrastructure/adapter/anthropic/AnthropicEmotionalAnalysisAdapter.java
/home/sergioramirez/Documents/huly/huly-tpi/backend/src/main/java/com/huly/backend/infrastructure/adapter/anthropic/AnthropicImageValidationAdapter.java
/home/sergioramirez/Documents/huly/huly-tpi/backend/src/main/java/com/huly/backend/infrastructure/adapter/memory/JpaChatMemoryAdapter.java
/home/sergioramirez/Documents/huly/huly-tpi/backend/src/main/java/com/huly/backend/infrastructure/adapter/mercadopago/MercadoPagoAdapter.java
/home/sergioramirez/Documents/huly/huly-tpi/backend/src/main/java/com/huly/backend/infrastructure/adapter/mercadopago/MercadoPagoSignatureValidator.java
/home/sergioramirez/Documents/huly/huly-tpi/backend/src/main/java/com/huly/backend/infrastructure/adapter/pushNotification/PushNotificationAdapter.java
/home/sergioramirez/Documents/huly/huly-tpi/backend/src/main/java/com/huly/backend/infrastructure/adapter/vector/NoOpVectorMemoryPort.java
/home/sergioramirez/Documents/huly/huly-tpi/backend/src/main/java/com/huly/backend/infrastructure/adapter/vector/SpringAiVectorMemoryPort.java
/home/sergioramirez/Documents/huly/huly-tpi/backend/src/main/java/com/huly/backend/infrastructure/config/AIConfig.java
/home/sergioramirez/Documents/huly/huly-tpi/backend/src/main/java/com/huly/backend/infrastructure/config/AdminUserSeederConfig.java
/home/sergioramirez/Documents/huly/huly-tpi/backend/src/main/java/com/huly/backend/infrastructure/config/ChatModelConfig.java
/home/sergioramirez/Documents/huly/huly-tpi/backend/src/main/java/com/huly/backend/infrastructure/config/CorsFilter.java
/home/sergioramirez/Documents/huly/huly-tpi/backend/src/main/java/com/huly/backend/infrastructure/config/MercadoPagoSetup.java
/home/sergioramirez/Documents/huly/huly-tpi/backend/src/main/java/com/huly/backend/infrastructure/config/SecurityConfig.java
/home/sergioramirez/Documents/huly/huly-tpi/backend/src/main/java/com/huly/backend/infrastructure/config/SecurityPasswordConfig.java
/home/sergioramirez/Documents/huly/huly-tpi/backend/src/main/java/com/huly/backend/infrastructure/config/SwaggerConfig.java
/home/sergioramirez/Documents/huly/huly-tpi/backend/src/main/java/com/huly/backend/infrastructure/config/VapidConfig.java
/home/sergioramirez/Documents/huly/huly-tpi/backend/src/main/java/com/huly/backend/infrastructure/config/useCase/ActivitiesUseCaseConfig.java
/home/sergioramirez/Documents/huly/huly-tpi/backend/src/main/java/com/huly/backend/infrastructure/config/useCase/AdminUseCaseConfig.java
/home/sergioramirez/Documents/huly/huly-tpi/backend/src/main/java/com/huly/backend/infrastructure/config/useCase/AuthUseCaseConfig.java
/home/sergioramirez/Documents/huly/huly-tpi/backend/src/main/java/com/huly/backend/infrastructure/config/useCase/BadgeUseCaseConfig.java
/home/sergioramirez/Documents/huly/huly-tpi/backend/src/main/java/com/huly/backend/infrastructure/config/useCase/BreathingUseCaseConfig.java
/home/sergioramirez/Documents/huly/huly-tpi/backend/src/main/java/com/huly/backend/infrastructure/config/useCase/ChatBotConfigUseCaseConfig.java
/home/sergioramirez/Documents/huly/huly-tpi/backend/src/main/java/com/huly/backend/infrastructure/config/useCase/ChatUseCaseConfig.java
/home/sergioramirez/Documents/huly/huly-tpi/backend/src/main/java/com/huly/backend/infrastructure/config/useCase/CloudRecommendationUseCaseConfig.java
/home/sergioramirez/Documents/huly/huly-tpi/backend/src/main/java/com/huly/backend/infrastructure/config/useCase/ComebackRewardUseCaseConfig.java
/home/sergioramirez/Documents/huly/huly-tpi/backend/src/main/java/com/huly/backend/infrastructure/config/useCase/DailyRewardUseCaseConfig.java
/home/sergioramirez/Documents/huly/huly-tpi/backend/src/main/java/com/huly/backend/infrastructure/config/useCase/EmotionalEventUseCaseConfig.java
/home/sergioramirez/Documents/huly/huly-tpi/backend/src/main/java/com/huly/backend/infrastructure/config/useCase/ExtensionUseCaseConfig.java
/home/sergioramirez/Documents/huly/huly-tpi/backend/src/main/java/com/huly/backend/infrastructure/config/useCase/JournalUseCaseConfig.java
/home/sergioramirez/Documents/huly/huly-tpi/backend/src/main/java/com/huly/backend/infrastructure/config/useCase/LeadUseCaseConfig.java
/home/sergioramirez/Documents/huly/huly-tpi/backend/src/main/java/com/huly/backend/infrastructure/config/useCase/MandalaUseCaseConfig.java
/home/sergioramirez/Documents/huly/huly-tpi/backend/src/main/java/com/huly/backend/infrastructure/config/useCase/OnboardingUseCaseConfig.java
/home/sergioramirez/Documents/huly/huly-tpi/backend/src/main/java/com/huly/backend/infrastructure/config/useCase/PaymentUseCaseConfig.java
/home/sergioramirez/Documents/huly/huly-tpi/backend/src/main/java/com/huly/backend/infrastructure/config/useCase/PushNotificationUseCaseConfig.java
/home/sergioramirez/Documents/huly/huly-tpi/backend/src/main/java/com/huly/backend/infrastructure/config/useCase/RiskWordUseCaseConfig.java
/home/sergioramirez/Documents/huly/huly-tpi/backend/src/main/java/com/huly/backend/infrastructure/config/useCase/StoreUseCaseConfig.java
/home/sergioramirez/Documents/huly/huly-tpi/backend/src/main/java/com/huly/backend/infrastructure/config/useCase/UserGoalUseCaseConfig.java
/home/sergioramirez/Documents/huly/huly-tpi/backend/src/main/java/com/huly/backend/infrastructure/config/useCase/UserPlantUseCaseConfig.java
/home/sergioramirez/Documents/huly/huly-tpi/backend/src/main/java/com/huly/backend/infrastructure/config/useCase/UserUseCaseConfig.java
/home/sergioramirez/Documents/huly/huly-tpi/backend/src/main/java/com/huly/backend/infrastructure/email/EmailPortJavaMailImpl.java
/home/sergioramirez/Documents/huly/huly-tpi/backend/src/main/java/com/huly/backend/infrastructure/email/EmailPortStubImpl.java
/home/sergioramirez/Documents/huly/huly-tpi/backend/src/main/java/com/huly/backend/infrastructure/presentation/controller/ActivityController.java
/home/sergioramirez/Documents/huly/huly-tpi/backend/src/main/java/com/huly/backend/infrastructure/presentation/controller/AdminUserController.java
/home/sergioramirez/Documents/huly/huly-tpi/backend/src/main/java/com/huly/backend/infrastructure/presentation/controller/AuthController.java
/home/sergioramirez/Documents/huly/huly-tpi/backend/src/main/java/com/huly/backend/infrastructure/presentation/controller/BadgeController.java
/home/sergioramirez/Documents/huly/huly-tpi/backend/src/main/java/com/huly/backend/infrastructure/presentation/controller/BotConfigController.java
/home/sergioramirez/Documents/huly/huly-tpi/backend/src/main/java/com/huly/backend/infrastructure/presentation/controller/BreathingController.java
/home/sergioramirez/Documents/huly/huly-tpi/backend/src/main/java/com/huly/backend/infrastructure/presentation/controller/ChatController.java
/home/sergioramirez/Documents/huly/huly-tpi/backend/src/main/java/com/huly/backend/infrastructure/presentation/controller/ChatbotDashboardController.java
/home/sergioramirez/Documents/huly/huly-tpi/backend/src/main/java/com/huly/backend/infrastructure/presentation/controller/CloudController.java
/home/sergioramirez/Documents/huly/huly-tpi/backend/src/main/java/com/huly/backend/infrastructure/presentation/controller/ComebackRewardController.java
/home/sergioramirez/Documents/huly/huly-tpi/backend/src/main/java/com/huly/backend/infrastructure/presentation/controller/DailyRewardController.java
/home/sergioramirez/Documents/huly/huly-tpi/backend/src/main/java/com/huly/backend/infrastructure/presentation/controller/EmotionalEventController.java
/home/sergioramirez/Documents/huly/huly-tpi/backend/src/main/java/com/huly/backend/infrastructure/presentation/controller/EmotionalRecommendationController.java
/home/sergioramirez/Documents/huly/huly-tpi/backend/src/main/java/com/huly/backend/infrastructure/presentation/controller/ExtensionController.java
/home/sergioramirez/Documents/huly/huly-tpi/backend/src/main/java/com/huly/backend/infrastructure/presentation/controller/JournalController.java
/home/sergioramirez/Documents/huly/huly-tpi/backend/src/main/java/com/huly/backend/infrastructure/presentation/controller/LeadController.java
/home/sergioramirez/Documents/huly/huly-tpi/backend/src/main/java/com/huly/backend/infrastructure/presentation/controller/MandalaController.java
/home/sergioramirez/Documents/huly/huly-tpi/backend/src/main/java/com/huly/backend/infrastructure/presentation/controller/MercadoPagoWebhookController.java
/home/sergioramirez/Documents/huly/huly-tpi/backend/src/main/java/com/huly/backend/infrastructure/presentation/controller/NotificationController.java
/home/sergioramirez/Documents/huly/huly-tpi/backend/src/main/java/com/huly/backend/infrastructure/presentation/controller/OnboardingController.java
/home/sergioramirez/Documents/huly/huly-tpi/backend/src/main/java/com/huly/backend/infrastructure/presentation/controller/PaymentController.java
/home/sergioramirez/Documents/huly/huly-tpi/backend/src/main/java/com/huly/backend/infrastructure/presentation/controller/PushNotificationController.java
/home/sergioramirez/Documents/huly/huly-tpi/backend/src/main/java/com/huly/backend/infrastructure/presentation/controller/RiskWordController.java
/home/sergioramirez/Documents/huly/huly-tpi/backend/src/main/java/com/huly/backend/infrastructure/presentation/controller/StoreController.java
/home/sergioramirez/Documents/huly/huly-tpi/backend/src/main/java/com/huly/backend/infrastructure/presentation/controller/UserController.java
/home/sergioramirez/Documents/huly/huly-tpi/backend/src/main/java/com/huly/backend/infrastructure/presentation/controller/UserEmotionalStateController.java
/home/sergioramirez/Documents/huly/huly-tpi/backend/src/main/java/com/huly/backend/infrastructure/presentation/controller/UserGoalController.java
/home/sergioramirez/Documents/huly/huly-tpi/backend/src/main/java/com/huly/backend/infrastructure/presentation/controller/UserPlantController.java
/home/sergioramirez/Documents/huly/huly-tpi/backend/src/main/java/com/huly/backend/infrastructure/presentation/dto/activities/RegisterActivitySessionRequest.java
/home/sergioramirez/Documents/huly/huly-tpi/backend/src/main/java/com/huly/backend/infrastructure/presentation/dto/admin/ActivitySessionDto.java
/home/sergioramirez/Documents/huly/huly-tpi/backend/src/main/java/com/huly/backend/infrastructure/presentation/dto/admin/AntiScrollConfigRequest.java
/home/sergioramirez/Documents/huly/huly-tpi/backend/src/main/java/com/huly/backend/infrastructure/presentation/dto/admin/AntiScrollConfigResponse.java
/home/sergioramirez/Documents/huly/huly-tpi/backend/src/main/java/com/huly/backend/infrastructure/presentation/dto/admin/AntiScrollDashboardResponse.java
/home/sergioramirez/Documents/huly/huly-tpi/backend/src/main/java/com/huly/backend/infrastructure/presentation/dto/admin/BackofficeUserResponse.java
/home/sergioramirez/Documents/huly/huly-tpi/backend/src/main/java/com/huly/backend/infrastructure/presentation/dto/admin/EmotionalEventDto.java
/home/sergioramirez/Documents/huly/huly-tpi/backend/src/main/java/com/huly/backend/infrastructure/presentation/dto/admin/PaymentEventDto.java
/home/sergioramirez/Documents/huly/huly-tpi/backend/src/main/java/com/huly/backend/infrastructure/presentation/dto/admin/TopAppResponse.java
/home/sergioramirez/Documents/huly/huly-tpi/backend/src/main/java/com/huly/backend/infrastructure/presentation/dto/admin/UserActivitiesResponse.java
/home/sergioramirez/Documents/huly/huly-tpi/backend/src/main/java/com/huly/backend/infrastructure/presentation/dto/admin/UserAiDiagnosticsResponse.java
/home/sergioramirez/Documents/huly/huly-tpi/backend/src/main/java/com/huly/backend/infrastructure/presentation/dto/admin/UserAntiScrollResponse.java
/home/sergioramirez/Documents/huly/huly-tpi/backend/src/main/java/com/huly/backend/infrastructure/presentation/dto/admin/UserFinancialsResponse.java
/home/sergioramirez/Documents/huly/huly-tpi/backend/src/main/java/com/huly/backend/infrastructure/presentation/dto/admin/VectorMemoryDto.java
/home/sergioramirez/Documents/huly/huly-tpi/backend/src/main/java/com/huly/backend/infrastructure/presentation/dto/auth/LoginRequest.java
/home/sergioramirez/Documents/huly/huly-tpi/backend/src/main/java/com/huly/backend/infrastructure/presentation/dto/auth/LoginResponse.java
/home/sergioramirez/Documents/huly/huly-tpi/backend/src/main/java/com/huly/backend/infrastructure/presentation/dto/auth/RegisterRequest.java
/home/sergioramirez/Documents/huly/huly-tpi/backend/src/main/java/com/huly/backend/infrastructure/presentation/dto/badge/BadgeResponse.java
/home/sergioramirez/Documents/huly/huly-tpi/backend/src/main/java/com/huly/backend/infrastructure/presentation/dto/badge/UserBadgeResponse.java
/home/sergioramirez/Documents/huly/huly-tpi/backend/src/main/java/com/huly/backend/infrastructure/presentation/dto/breathingTechniques/BreathingTechniqueResponse.java
/home/sergioramirez/Documents/huly/huly-tpi/backend/src/main/java/com/huly/backend/infrastructure/presentation/dto/chat/ChatChallengeDecisionRequest.java
/home/sergioramirez/Documents/huly/huly-tpi/backend/src/main/java/com/huly/backend/infrastructure/presentation/dto/chat/ChatHistoryPageResponse.java
/home/sergioramirez/Documents/huly/huly-tpi/backend/src/main/java/com/huly/backend/infrastructure/presentation/dto/chat/ChatMessageResponse.java
/home/sergioramirez/Documents/huly/huly-tpi/backend/src/main/java/com/huly/backend/infrastructure/presentation/dto/chat/ChatRequest.java
/home/sergioramirez/Documents/huly/huly-tpi/backend/src/main/java/com/huly/backend/infrastructure/presentation/dto/chat/ChatResponse.java
/home/sergioramirez/Documents/huly/huly-tpi/backend/src/main/java/com/huly/backend/infrastructure/presentation/dto/chatConfig/BotConfigResponse.java
/home/sergioramirez/Documents/huly/huly-tpi/backend/src/main/java/com/huly/backend/infrastructure/presentation/dto/chatConfig/UpdateBotConfigRequest.java
/home/sergioramirez/Documents/huly/huly-tpi/backend/src/main/java/com/huly/backend/infrastructure/presentation/dto/cloudRecommendation/CloudRecommendationRequest.java
/home/sergioramirez/Documents/huly/huly-tpi/backend/src/main/java/com/huly/backend/infrastructure/presentation/dto/cloudRecommendation/CloudRecommendationResponse.java
/home/sergioramirez/Documents/huly/huly-tpi/backend/src/main/java/com/huly/backend/infrastructure/presentation/dto/cloudRecommendation/CloudThoughtRequest.java
/home/sergioramirez/Documents/huly/huly-tpi/backend/src/main/java/com/huly/backend/infrastructure/presentation/dto/comebackReward/ClaimComebackRewardResponse.java
/home/sergioramirez/Documents/huly/huly-tpi/backend/src/main/java/com/huly/backend/infrastructure/presentation/dto/comebackReward/ComebackRewardStatusResponse.java
/home/sergioramirez/Documents/huly/huly-tpi/backend/src/main/java/com/huly/backend/infrastructure/presentation/dto/dailyReward/ClaimDailyRewardResponse.java
/home/sergioramirez/Documents/huly/huly-tpi/backend/src/main/java/com/huly/backend/infrastructure/presentation/dto/dailyReward/DailyRewardDayResponse.java
/home/sergioramirez/Documents/huly/huly-tpi/backend/src/main/java/com/huly/backend/infrastructure/presentation/dto/dailyReward/DailyRewardStatusResponse.java
/home/sergioramirez/Documents/huly/huly-tpi/backend/src/main/java/com/huly/backend/infrastructure/presentation/dto/dashboard/ActivityResponse.java
/home/sergioramirez/Documents/huly/huly-tpi/backend/src/main/java/com/huly/backend/infrastructure/presentation/dto/dashboard/EmotionalCategoryResponse.java
/home/sergioramirez/Documents/huly/huly-tpi/backend/src/main/java/com/huly/backend/infrastructure/presentation/dto/dashboard/TrainingLogResponse.java
/home/sergioramirez/Documents/huly/huly-tpi/backend/src/main/java/com/huly/backend/infrastructure/presentation/dto/dashboard/WellbeingResponse.java
/home/sergioramirez/Documents/huly/huly-tpi/backend/src/main/java/com/huly/backend/infrastructure/presentation/dto/emotionalEvent/EmotionalEventDecisionRequest.java
/home/sergioramirez/Documents/huly/huly-tpi/backend/src/main/java/com/huly/backend/infrastructure/presentation/dto/emotionalEvent/EmotionalEventFeedbackRequest.java
/home/sergioramirez/Documents/huly/huly-tpi/backend/src/main/java/com/huly/backend/infrastructure/presentation/dto/emotionalEvent/EmotionalEventRequest.java
/home/sergioramirez/Documents/huly/huly-tpi/backend/src/main/java/com/huly/backend/infrastructure/presentation/dto/emotionalEvent/EmotionalEventResponse.java
/home/sergioramirez/Documents/huly/huly-tpi/backend/src/main/java/com/huly/backend/infrastructure/presentation/dto/emotionalRecommendation/EmotionalRecommendationItemResponse.java
/home/sergioramirez/Documents/huly/huly-tpi/backend/src/main/java/com/huly/backend/infrastructure/presentation/dto/emotionalRecommendation/EmotionalRecommendationRequest.java
/home/sergioramirez/Documents/huly/huly-tpi/backend/src/main/java/com/huly/backend/infrastructure/presentation/dto/emotionalRecommendation/EmotionalRecommendationResponse.java
/home/sergioramirez/Documents/huly/huly-tpi/backend/src/main/java/com/huly/backend/infrastructure/presentation/dto/emotionalState/UserEmotionalStateRequest.java
/home/sergioramirez/Documents/huly/huly-tpi/backend/src/main/java/com/huly/backend/infrastructure/presentation/dto/extension/AntiScrollSettingsRequest.java
/home/sergioramirez/Documents/huly/huly-tpi/backend/src/main/java/com/huly/backend/infrastructure/presentation/dto/extension/AntiScrollSettingsResponse.java
/home/sergioramirez/Documents/huly/huly-tpi/backend/src/main/java/com/huly/backend/infrastructure/presentation/dto/extension/ExtensionMetricRequest.java
/home/sergioramirez/Documents/huly/huly-tpi/backend/src/main/java/com/huly/backend/infrastructure/presentation/dto/journal/JournalEntryRequest.java
/home/sergioramirez/Documents/huly/huly-tpi/backend/src/main/java/com/huly/backend/infrastructure/presentation/dto/journal/JournalEntryResponse.java
/home/sergioramirez/Documents/huly/huly-tpi/backend/src/main/java/com/huly/backend/infrastructure/presentation/dto/lead/LeadRequestDto.java
/home/sergioramirez/Documents/huly/huly-tpi/backend/src/main/java/com/huly/backend/infrastructure/presentation/dto/lead/LeadResponseDto.java
/home/sergioramirez/Documents/huly/huly-tpi/backend/src/main/java/com/huly/backend/infrastructure/presentation/dto/mandala/MandalaResponse.java
/home/sergioramirez/Documents/huly/huly-tpi/backend/src/main/java/com/huly/backend/infrastructure/presentation/dto/onboarding/CompleteOnboardingRequest.java
/home/sergioramirez/Documents/huly/huly-tpi/backend/src/main/java/com/huly/backend/infrastructure/presentation/dto/onboarding/GenerateOptionsRequest.java
/home/sergioramirez/Documents/huly/huly-tpi/backend/src/main/java/com/huly/backend/infrastructure/presentation/dto/onboarding/GenerateOptionsResponse.java
/home/sergioramirez/Documents/huly/huly-tpi/backend/src/main/java/com/huly/backend/infrastructure/presentation/dto/payment/CreatePreferenceResponse.java
/home/sergioramirez/Documents/huly/huly-tpi/backend/src/main/java/com/huly/backend/infrastructure/presentation/dto/payment/PlanResponse.java
/home/sergioramirez/Documents/huly/huly-tpi/backend/src/main/java/com/huly/backend/infrastructure/presentation/dto/payment/ProductResponse.java
/home/sergioramirez/Documents/huly/huly-tpi/backend/src/main/java/com/huly/backend/infrastructure/presentation/dto/payment/WebhookNotificationDto.java
/home/sergioramirez/Documents/huly/huly-tpi/backend/src/main/java/com/huly/backend/infrastructure/presentation/dto/pushNotification/PushSubscriptionStatusResponse.java
/home/sergioramirez/Documents/huly/huly-tpi/backend/src/main/java/com/huly/backend/infrastructure/presentation/dto/pushNotification/SubscribeRequest.java
/home/sergioramirez/Documents/huly/huly-tpi/backend/src/main/java/com/huly/backend/infrastructure/presentation/dto/pushNotification/UnsubscribeRequest.java
/home/sergioramirez/Documents/huly/huly-tpi/backend/src/main/java/com/huly/backend/infrastructure/presentation/dto/riskWord/RiskWordPageResponse.java
/home/sergioramirez/Documents/huly/huly-tpi/backend/src/main/java/com/huly/backend/infrastructure/presentation/dto/riskWord/RiskWordRequest.java
/home/sergioramirez/Documents/huly/huly-tpi/backend/src/main/java/com/huly/backend/infrastructure/presentation/dto/riskWord/RiskWordResponse.java
/home/sergioramirez/Documents/huly/huly-tpi/backend/src/main/java/com/huly/backend/infrastructure/presentation/dto/store/InventoryItemResponse.java
/home/sergioramirez/Documents/huly/huly-tpi/backend/src/main/java/com/huly/backend/infrastructure/presentation/dto/store/StoreItemResponse.java
/home/sergioramirez/Documents/huly/huly-tpi/backend/src/main/java/com/huly/backend/infrastructure/presentation/dto/user/CoinsResponse.java
/home/sergioramirez/Documents/huly/huly-tpi/backend/src/main/java/com/huly/backend/infrastructure/presentation/dto/user/MembershipResponse.java
/home/sergioramirez/Documents/huly/huly-tpi/backend/src/main/java/com/huly/backend/infrastructure/presentation/dto/user/UpdateThemePreferenceRequest.java
/home/sergioramirez/Documents/huly/huly-tpi/backend/src/main/java/com/huly/backend/infrastructure/presentation/dto/user/UserProfileResponse.java
/home/sergioramirez/Documents/huly/huly-tpi/backend/src/main/java/com/huly/backend/infrastructure/presentation/dto/userGoal/AcceptChallengeRequest.java
/home/sergioramirez/Documents/huly/huly-tpi/backend/src/main/java/com/huly/backend/infrastructure/presentation/dto/userGoal/UserGoalListResponse.java
/home/sergioramirez/Documents/huly/huly-tpi/backend/src/main/java/com/huly/backend/infrastructure/presentation/dto/userGoal/UserGoalPageResponse.java
/home/sergioramirez/Documents/huly/huly-tpi/backend/src/main/java/com/huly/backend/infrastructure/presentation/dto/userGoal/UserGoalRequest.java
/home/sergioramirez/Documents/huly/huly-tpi/backend/src/main/java/com/huly/backend/infrastructure/presentation/dto/userGoal/UserGoalResponse.java
/home/sergioramirez/Documents/huly/huly-tpi/backend/src/main/java/com/huly/backend/infrastructure/presentation/dto/userGoal/UserGoalUpdateRequest.java
/home/sergioramirez/Documents/huly/huly-tpi/backend/src/main/java/com/huly/backend/infrastructure/presentation/dto/userPlant/GoalCompleteResponse.java
/home/sergioramirez/Documents/huly/huly-tpi/backend/src/main/java/com/huly/backend/infrastructure/presentation/dto/userPlant/PlantGoalsResponse.java
/home/sergioramirez/Documents/huly/huly-tpi/backend/src/main/java/com/huly/backend/infrastructure/presentation/dto/userPlant/UserPlantSummaryResponse.java
/home/sergioramirez/Documents/huly/huly-tpi/backend/src/main/java/com/huly/backend/infrastructure/presentation/exception/BadRequestException.java
/home/sergioramirez/Documents/huly/huly-tpi/backend/src/main/java/com/huly/backend/infrastructure/presentation/exception/ConflictException.java
/home/sergioramirez/Documents/huly/huly-tpi/backend/src/main/java/com/huly/backend/infrastructure/presentation/exception/ErrorResponse.java
/home/sergioramirez/Documents/huly/huly-tpi/backend/src/main/java/com/huly/backend/infrastructure/presentation/exception/ForbiddenException.java
/home/sergioramirez/Documents/huly/huly-tpi/backend/src/main/java/com/huly/backend/infrastructure/presentation/exception/GlobalExceptionHandler.java
/home/sergioramirez/Documents/huly/huly-tpi/backend/src/main/java/com/huly/backend/infrastructure/presentation/exception/InternalServerErrorException.java
/home/sergioramirez/Documents/huly/huly-tpi/backend/src/main/java/com/huly/backend/infrastructure/presentation/exception/NotFoundException.java
/home/sergioramirez/Documents/huly/huly-tpi/backend/src/main/java/com/huly/backend/infrastructure/presentation/exception/UnauthorizedException.java
/home/sergioramirez/Documents/huly/huly-tpi/backend/src/main/java/com/huly/backend/infrastructure/presentation/exception/customExceptions/UserNotFoundException.java
/home/sergioramirez/Documents/huly/huly-tpi/backend/src/main/java/com/huly/backend/infrastructure/presentation/mapper/AdminPresentationMapper.java
/home/sergioramirez/Documents/huly/huly-tpi/backend/src/main/java/com/huly/backend/infrastructure/repository/entity/ActivityEntity.java
/home/sergioramirez/Documents/huly/huly-tpi/backend/src/main/java/com/huly/backend/infrastructure/repository/entity/ActivitySessionEntity.java
/home/sergioramirez/Documents/huly/huly-tpi/backend/src/main/java/com/huly/backend/infrastructure/repository/entity/AntiScrollConfigEntity.java
/home/sergioramirez/Documents/huly/huly-tpi/backend/src/main/java/com/huly/backend/infrastructure/repository/entity/AppUserEntity.java
/home/sergioramirez/Documents/huly/huly-tpi/backend/src/main/java/com/huly/backend/infrastructure/repository/entity/BadgeEntity.java
/home/sergioramirez/Documents/huly/huly-tpi/backend/src/main/java/com/huly/backend/infrastructure/repository/entity/BreathingSessionsEntity.java
/home/sergioramirez/Documents/huly/huly-tpi/backend/src/main/java/com/huly/backend/infrastructure/repository/entity/BreathingTechniquesEntity.java
/home/sergioramirez/Documents/huly/huly-tpi/backend/src/main/java/com/huly/backend/infrastructure/repository/entity/ChatConfigEntity.java
/home/sergioramirez/Documents/huly/huly-tpi/backend/src/main/java/com/huly/backend/infrastructure/repository/entity/ChatConversationPreferenceEntity.java
/home/sergioramirez/Documents/huly/huly-tpi/backend/src/main/java/com/huly/backend/infrastructure/repository/entity/ChatMessageEntity.java
/home/sergioramirez/Documents/huly/huly-tpi/backend/src/main/java/com/huly/backend/infrastructure/repository/entity/ChatSessionEntity.java
/home/sergioramirez/Documents/huly/huly-tpi/backend/src/main/java/com/huly/backend/infrastructure/repository/entity/DailyRewardEntity.java
/home/sergioramirez/Documents/huly/huly-tpi/backend/src/main/java/com/huly/backend/infrastructure/repository/entity/EmotionEntity.java
/home/sergioramirez/Documents/huly/huly-tpi/backend/src/main/java/com/huly/backend/infrastructure/repository/entity/EmotionalEventEntity.java
/home/sergioramirez/Documents/huly/huly-tpi/backend/src/main/java/com/huly/backend/infrastructure/repository/entity/ExtensionMetricEntity.java
/home/sergioramirez/Documents/huly/huly-tpi/backend/src/main/java/com/huly/backend/infrastructure/repository/entity/GeneratedChallengeEmbeddable.java
/home/sergioramirez/Documents/huly/huly-tpi/backend/src/main/java/com/huly/backend/infrastructure/repository/entity/JournalEntity.java
/home/sergioramirez/Documents/huly/huly-tpi/backend/src/main/java/com/huly/backend/infrastructure/repository/entity/JournalEntriesEntity.java
/home/sergioramirez/Documents/huly/huly-tpi/backend/src/main/java/com/huly/backend/infrastructure/repository/entity/MandalaEntity.java
/home/sergioramirez/Documents/huly/huly-tpi/backend/src/main/java/com/huly/backend/infrastructure/repository/entity/MandalaPlanEntitlementEntity.java
/home/sergioramirez/Documents/huly/huly-tpi/backend/src/main/java/com/huly/backend/infrastructure/repository/entity/MandalaProgressEntity.java
/home/sergioramirez/Documents/huly/huly-tpi/backend/src/main/java/com/huly/backend/infrastructure/repository/entity/PaymentEventEntity.java
/home/sergioramirez/Documents/huly/huly-tpi/backend/src/main/java/com/huly/backend/infrastructure/repository/entity/ProductEntity.java
/home/sergioramirez/Documents/huly/huly-tpi/backend/src/main/java/com/huly/backend/infrastructure/repository/entity/PushSubscriptionEntity.java
/home/sergioramirez/Documents/huly/huly-tpi/backend/src/main/java/com/huly/backend/infrastructure/repository/entity/RefreshTokenEntity.java
/home/sergioramirez/Documents/huly/huly-tpi/backend/src/main/java/com/huly/backend/infrastructure/repository/entity/RiskWordEntity.java
/home/sergioramirez/Documents/huly/huly-tpi/backend/src/main/java/com/huly/backend/infrastructure/repository/entity/StoreItemEntity.java
/home/sergioramirez/Documents/huly/huly-tpi/backend/src/main/java/com/huly/backend/infrastructure/repository/entity/SuggestedActionEmbeddable.java
/home/sergioramirez/Documents/huly/huly-tpi/backend/src/main/java/com/huly/backend/infrastructure/repository/entity/UserBadgeEntity.java
/home/sergioramirez/Documents/huly/huly-tpi/backend/src/main/java/com/huly/backend/infrastructure/repository/entity/UserDetailEntity.java
/home/sergioramirez/Documents/huly/huly-tpi/backend/src/main/java/com/huly/backend/infrastructure/repository/entity/UserEmotionalStateEntity.java
/home/sergioramirez/Documents/huly/huly-tpi/backend/src/main/java/com/huly/backend/infrastructure/repository/entity/UserGoalsEntity.java
/home/sergioramirez/Documents/huly/huly-tpi/backend/src/main/java/com/huly/backend/infrastructure/repository/entity/UserPersonalitySummaryEntity.java
/home/sergioramirez/Documents/huly/huly-tpi/backend/src/main/java/com/huly/backend/infrastructure/repository/entity/UserPlanEntity.java
/home/sergioramirez/Documents/huly/huly-tpi/backend/src/main/java/com/huly/backend/infrastructure/repository/entity/UserPlantEntity.java
/home/sergioramirez/Documents/huly/huly-tpi/backend/src/main/java/com/huly/backend/infrastructure/repository/entity/UserSettingEntity.java
/home/sergioramirez/Documents/huly/huly-tpi/backend/src/main/java/com/huly/backend/infrastructure/repository/entity/UserStoreItemEntity.java
/home/sergioramirez/Documents/huly/huly-tpi/backend/src/main/java/com/huly/backend/infrastructure/repository/jpaRepository/implementation/ActivityRepositoryImpl.java
/home/sergioramirez/Documents/huly/huly-tpi/backend/src/main/java/com/huly/backend/infrastructure/repository/jpaRepository/implementation/ActivitySessionRepositoryImpl.java
/home/sergioramirez/Documents/huly/huly-tpi/backend/src/main/java/com/huly/backend/infrastructure/repository/jpaRepository/implementation/AntiScrollGlobalConfigRepositoryImpl.java
/home/sergioramirez/Documents/huly/huly-tpi/backend/src/main/java/com/huly/backend/infrastructure/repository/jpaRepository/implementation/BadgeRepositoryImpl.java
/home/sergioramirez/Documents/huly/huly-tpi/backend/src/main/java/com/huly/backend/infrastructure/repository/jpaRepository/implementation/BreathingTechniqueRepositoryImpl.java
/home/sergioramirez/Documents/huly/huly-tpi/backend/src/main/java/com/huly/backend/infrastructure/repository/jpaRepository/implementation/ChatConfigRepositoryImpl.java
/home/sergioramirez/Documents/huly/huly-tpi/backend/src/main/java/com/huly/backend/infrastructure/repository/jpaRepository/implementation/ChatConversationPreferenceRepositoryImpl.java
/home/sergioramirez/Documents/huly/huly-tpi/backend/src/main/java/com/huly/backend/infrastructure/repository/jpaRepository/implementation/ChatMessageRepositoryImpl.java
/home/sergioramirez/Documents/huly/huly-tpi/backend/src/main/java/com/huly/backend/infrastructure/repository/jpaRepository/implementation/ChatSessionRepositoryImpl.java
/home/sergioramirez/Documents/huly/huly-tpi/backend/src/main/java/com/huly/backend/infrastructure/repository/jpaRepository/implementation/DailyRewardRepositoryImpl.java
/home/sergioramirez/Documents/huly/huly-tpi/backend/src/main/java/com/huly/backend/infrastructure/repository/jpaRepository/implementation/EmotionalEventRepositoryImpl.java
/home/sergioramirez/Documents/huly/huly-tpi/backend/src/main/java/com/huly/backend/infrastructure/repository/jpaRepository/implementation/ExtensionMetricsRepositoryImpl.java
/home/sergioramirez/Documents/huly/huly-tpi/backend/src/main/java/com/huly/backend/infrastructure/repository/jpaRepository/implementation/JournalEntryRepositoryImpl.java
/home/sergioramirez/Documents/huly/huly-tpi/backend/src/main/java/com/huly/backend/infrastructure/repository/jpaRepository/implementation/MandalaPlanEntitlementRepositoryImpl.java
/home/sergioramirez/Documents/huly/huly-tpi/backend/src/main/java/com/huly/backend/infrastructure/repository/jpaRepository/implementation/MandalaProgressRepositoryImpl.java
/home/sergioramirez/Documents/huly/huly-tpi/backend/src/main/java/com/huly/backend/infrastructure/repository/jpaRepository/implementation/MandalaRepositoryImpl.java
/home/sergioramirez/Documents/huly/huly-tpi/backend/src/main/java/com/huly/backend/infrastructure/repository/jpaRepository/implementation/PaymentEventRepositoryImpl.java
/home/sergioramirez/Documents/huly/huly-tpi/backend/src/main/java/com/huly/backend/infrastructure/repository/jpaRepository/implementation/ProductRepositoryImpl.java
/home/sergioramirez/Documents/huly/huly-tpi/backend/src/main/java/com/huly/backend/infrastructure/repository/jpaRepository/implementation/PushSubscriptionRepositoryImpl.java
/home/sergioramirez/Documents/huly/huly-tpi/backend/src/main/java/com/huly/backend/infrastructure/repository/jpaRepository/implementation/RefreshTokenRepositoryImpl.java
/home/sergioramirez/Documents/huly/huly-tpi/backend/src/main/java/com/huly/backend/infrastructure/repository/jpaRepository/implementation/RiskWordRepositoryImpl.java
/home/sergioramirez/Documents/huly/huly-tpi/backend/src/main/java/com/huly/backend/infrastructure/repository/jpaRepository/implementation/StoreItemRepositoryImpl.java
/home/sergioramirez/Documents/huly/huly-tpi/backend/src/main/java/com/huly/backend/infrastructure/repository/jpaRepository/implementation/UserAntiScrollSettingsRepositoryImpl.java
/home/sergioramirez/Documents/huly/huly-tpi/backend/src/main/java/com/huly/backend/infrastructure/repository/jpaRepository/implementation/UserBadgeRepositoryImpl.java
/home/sergioramirez/Documents/huly/huly-tpi/backend/src/main/java/com/huly/backend/infrastructure/repository/jpaRepository/implementation/UserDetailDomainRepositoryImpl.java
/home/sergioramirez/Documents/huly/huly-tpi/backend/src/main/java/com/huly/backend/infrastructure/repository/jpaRepository/implementation/UserEmotionalStateRepositoryImpl.java
/home/sergioramirez/Documents/huly/huly-tpi/backend/src/main/java/com/huly/backend/infrastructure/repository/jpaRepository/implementation/UserGoalRepositoryImpl.java
/home/sergioramirez/Documents/huly/huly-tpi/backend/src/main/java/com/huly/backend/infrastructure/repository/jpaRepository/implementation/UserPersonalitySummaryRepositoryImpl.java
/home/sergioramirez/Documents/huly/huly-tpi/backend/src/main/java/com/huly/backend/infrastructure/repository/jpaRepository/implementation/UserPlanRepositoryImpl.java
/home/sergioramirez/Documents/huly/huly-tpi/backend/src/main/java/com/huly/backend/infrastructure/repository/jpaRepository/implementation/UserPlantRepositoryImpl.java
/home/sergioramirez/Documents/huly/huly-tpi/backend/src/main/java/com/huly/backend/infrastructure/repository/jpaRepository/implementation/UserRepositoryImpl.java
/home/sergioramirez/Documents/huly/huly-tpi/backend/src/main/java/com/huly/backend/infrastructure/repository/jpaRepository/implementation/UserStoreItemRepositoryImpl.java
/home/sergioramirez/Documents/huly/huly-tpi/backend/src/main/java/com/huly/backend/infrastructure/repository/jpaRepository/interfaces/AppUserRepository.java
/home/sergioramirez/Documents/huly/huly-tpi/backend/src/main/java/com/huly/backend/infrastructure/repository/jpaRepository/interfaces/IActivityJpaRepository.java
/home/sergioramirez/Documents/huly/huly-tpi/backend/src/main/java/com/huly/backend/infrastructure/repository/jpaRepository/interfaces/IActivitySessionJpaRepository.java
/home/sergioramirez/Documents/huly/huly-tpi/backend/src/main/java/com/huly/backend/infrastructure/repository/jpaRepository/interfaces/IAntiScrollConfigJpaRepository.java
/home/sergioramirez/Documents/huly/huly-tpi/backend/src/main/java/com/huly/backend/infrastructure/repository/jpaRepository/interfaces/IBadgeJpaRepository.java
/home/sergioramirez/Documents/huly/huly-tpi/backend/src/main/java/com/huly/backend/infrastructure/repository/jpaRepository/interfaces/IBreathingTechniqueJpaRepository.java
/home/sergioramirez/Documents/huly/huly-tpi/backend/src/main/java/com/huly/backend/infrastructure/repository/jpaRepository/interfaces/IChatConfigJpaRepository.java
/home/sergioramirez/Documents/huly/huly-tpi/backend/src/main/java/com/huly/backend/infrastructure/repository/jpaRepository/interfaces/IChatConversationPreferenceJpaRepository.java
/home/sergioramirez/Documents/huly/huly-tpi/backend/src/main/java/com/huly/backend/infrastructure/repository/jpaRepository/interfaces/IChatMessageJpaRepository.java
/home/sergioramirez/Documents/huly/huly-tpi/backend/src/main/java/com/huly/backend/infrastructure/repository/jpaRepository/interfaces/IChatSessionJpaRepository.java
/home/sergioramirez/Documents/huly/huly-tpi/backend/src/main/java/com/huly/backend/infrastructure/repository/jpaRepository/interfaces/IDailyRewardJpaRepository.java
/home/sergioramirez/Documents/huly/huly-tpi/backend/src/main/java/com/huly/backend/infrastructure/repository/jpaRepository/interfaces/IEmotionalEventJpaRepository.java
/home/sergioramirez/Documents/huly/huly-tpi/backend/src/main/java/com/huly/backend/infrastructure/repository/jpaRepository/interfaces/IExtensionMetricJpaRepository.java
/home/sergioramirez/Documents/huly/huly-tpi/backend/src/main/java/com/huly/backend/infrastructure/repository/jpaRepository/interfaces/IJournalEntryJpaRepository.java
/home/sergioramirez/Documents/huly/huly-tpi/backend/src/main/java/com/huly/backend/infrastructure/repository/jpaRepository/interfaces/IJournalJpaRepository.java
/home/sergioramirez/Documents/huly/huly-tpi/backend/src/main/java/com/huly/backend/infrastructure/repository/jpaRepository/interfaces/IMandalaJpaRepository.java
/home/sergioramirez/Documents/huly/huly-tpi/backend/src/main/java/com/huly/backend/infrastructure/repository/jpaRepository/interfaces/IMandalaPlanEntitlementJpaRepository.java
/home/sergioramirez/Documents/huly/huly-tpi/backend/src/main/java/com/huly/backend/infrastructure/repository/jpaRepository/interfaces/IMandalaProgressJpaRepository.java
/home/sergioramirez/Documents/huly/huly-tpi/backend/src/main/java/com/huly/backend/infrastructure/repository/jpaRepository/interfaces/IPaymentEventJpaRepository.java
/home/sergioramirez/Documents/huly/huly-tpi/backend/src/main/java/com/huly/backend/infrastructure/repository/jpaRepository/interfaces/IProductJpaRepository.java
/home/sergioramirez/Documents/huly/huly-tpi/backend/src/main/java/com/huly/backend/infrastructure/repository/jpaRepository/interfaces/IPushSubscriptionJpaRepository.java
/home/sergioramirez/Documents/huly/huly-tpi/backend/src/main/java/com/huly/backend/infrastructure/repository/jpaRepository/interfaces/IRefreshTokenJpaRepository.java
/home/sergioramirez/Documents/huly/huly-tpi/backend/src/main/java/com/huly/backend/infrastructure/repository/jpaRepository/interfaces/IRiskWordJpaRepository.java
/home/sergioramirez/Documents/huly/huly-tpi/backend/src/main/java/com/huly/backend/infrastructure/repository/jpaRepository/interfaces/IStoreItemJpaRepository.java
/home/sergioramirez/Documents/huly/huly-tpi/backend/src/main/java/com/huly/backend/infrastructure/repository/jpaRepository/interfaces/IUserBadgeJpaRepository.java
/home/sergioramirez/Documents/huly/huly-tpi/backend/src/main/java/com/huly/backend/infrastructure/repository/jpaRepository/interfaces/IUserEmotionalStateJpaRepository.java
/home/sergioramirez/Documents/huly/huly-tpi/backend/src/main/java/com/huly/backend/infrastructure/repository/jpaRepository/interfaces/IUserGoalJpaRepository.java
/home/sergioramirez/Documents/huly/huly-tpi/backend/src/main/java/com/huly/backend/infrastructure/repository/jpaRepository/interfaces/IUserPersonalitySummaryJpaRepository.java
/home/sergioramirez/Documents/huly/huly-tpi/backend/src/main/java/com/huly/backend/infrastructure/repository/jpaRepository/interfaces/IUserPlanJpaRepository.java
/home/sergioramirez/Documents/huly/huly-tpi/backend/src/main/java/com/huly/backend/infrastructure/repository/jpaRepository/interfaces/IUserPlantJpaRepository.java
/home/sergioramirez/Documents/huly/huly-tpi/backend/src/main/java/com/huly/backend/infrastructure/repository/jpaRepository/interfaces/IUserSettingJpaRepository.java
/home/sergioramirez/Documents/huly/huly-tpi/backend/src/main/java/com/huly/backend/infrastructure/repository/jpaRepository/interfaces/IUserStoreItemJpaRepository.java
/home/sergioramirez/Documents/huly/huly-tpi/backend/src/main/java/com/huly/backend/infrastructure/repository/jpaRepository/interfaces/UserDetailRepository.java
/home/sergioramirez/Documents/huly/huly-tpi/backend/src/main/java/com/huly/backend/infrastructure/repository/jpaRepository/specification/RiskWordFilterSpec.java
/home/sergioramirez/Documents/huly/huly-tpi/backend/src/main/java/com/huly/backend/infrastructure/repository/mapper/AntiScrollGlobalConfigMapper.java
/home/sergioramirez/Documents/huly/huly-tpi/backend/src/main/java/com/huly/backend/infrastructure/repository/mapper/BadgeMapper.java
/home/sergioramirez/Documents/huly/huly-tpi/backend/src/main/java/com/huly/backend/infrastructure/repository/mapper/ChatConfigMapper.java
/home/sergioramirez/Documents/huly/huly-tpi/backend/src/main/java/com/huly/backend/infrastructure/repository/mapper/ChatMessageMapper.java
/home/sergioramirez/Documents/huly/huly-tpi/backend/src/main/java/com/huly/backend/infrastructure/repository/mapper/UserBadgeMapper.java
/home/sergioramirez/Documents/huly/huly-tpi/backend/src/main/java/com/huly/backend/infrastructure/repository/mapper/UserStoreItemMapper.java
/home/sergioramirez/Documents/huly/huly-tpi/backend/src/main/java/com/huly/backend/infrastructure/security/JwtAuthFilter.java
/home/sergioramirez/Documents/huly/huly-tpi/backend/src/main/java/com/huly/backend/infrastructure/security/JwtService.java
/home/sergioramirez/Documents/huly/huly-tpi/backend/src/main/java/com/huly/backend/infrastructure/security/PasswordHasherPortImpl.java
/home/sergioramirez/Documents/huly/huly-tpi/backend/src/main/java/com/huly/backend/infrastructure/security/UserDetailsServiceImpl.java
/home/sergioramirez/Documents/huly/huly-tpi/backend/src/main/java/com/huly/backend/infrastructure/security/UserDetailsWithIdService.java
/home/sergioramirez/Documents/huly/huly-tpi/backend/src/main/java/com/huly/backend/infrastructure/validation/MinimumAge.java
/home/sergioramirez/Documents/huly/huly-tpi/backend/src/main/java/com/huly/backend/infrastructure/validation/MinimumAgeValidator.java
